Archive member included to satisfy reference by file (symbol)

C:/ST/STM32CubeIDE_1.14.1/STM32CubeIDE/plugins/com.st.stm32cube.ide.mcu.externaltools.gnu-tools-for-stm32.13.3.rel1.win32_1.0.0.202411081344/tools/bin/../lib/gcc/arm-none-eabi/13.3.1/../../../../arm-none-eabi/lib/thumb/v7-m/nofp\libstdc++_nano.a(del_ops.o)
                              ./Core/Src/main.o (operator delete(void*, unsigned int))
C:/ST/STM32CubeIDE_1.14.1/STM32CubeIDE/plugins/com.st.stm32cube.ide.mcu.externaltools.gnu-tools-for-stm32.13.3.rel1.win32_1.0.0.202411081344/tools/bin/../lib/gcc/arm-none-eabi/13.3.1/../../../../arm-none-eabi/lib/thumb/v7-m/nofp\libstdc++_nano.a(new_op.o)
                              ./Core/Src/screenHandle.o (operator new(unsigned int))
C:/ST/STM32CubeIDE_1.14.1/STM32CubeIDE/plugins/com.st.stm32cube.ide.mcu.externaltools.gnu-tools-for-stm32.13.3.rel1.win32_1.0.0.202411081344/tools/bin/../lib/gcc/arm-none-eabi/13.3.1/../../../../arm-none-eabi/lib/thumb/v7-m/nofp\libstdc++_nano.a(functexcept.o)
                              ./Core/Src/screenHandle.o (std::__throw_bad_alloc())
C:/ST/STM32CubeIDE_1.14.1/STM32CubeIDE/plugins/com.st.stm32cube.ide.mcu.externaltools.gnu-tools-for-stm32.13.3.rel1.win32_1.0.0.202411081344/tools/bin/../lib/gcc/arm-none-eabi/13.3.1/../../../../arm-none-eabi/lib/thumb/v7-m/nofp\libstdc++_nano.a(del_op.o)
                              C:/ST/STM32CubeIDE_1.14.1/STM32CubeIDE/plugins/com.st.stm32cube.ide.mcu.externaltools.gnu-tools-for-stm32.13.3.rel1.win32_1.0.0.202411081344/tools/bin/../lib/gcc/arm-none-eabi/13.3.1/../../../../arm-none-eabi/lib/thumb/v7-m/nofp\libstdc++_nano.a(del_ops.o) (operator delete(void*))
C:/ST/STM32CubeIDE_1.14.1/STM32CubeIDE/plugins/com.st.stm32cube.ide.mcu.externaltools.gnu-tools-for-stm32.13.3.rel1.win32_1.0.0.202411081344/tools/bin/../lib/gcc/arm-none-eabi/13.3.1/../../../../arm-none-eabi/lib/thumb/v7-m/nofp\libstdc++_nano.a(new_handler.o)
                              C:/ST/STM32CubeIDE_1.14.1/STM32CubeIDE/plugins/com.st.stm32cube.ide.mcu.externaltools.gnu-tools-for-stm32.13.3.rel1.win32_1.0.0.202411081344/tools/bin/../lib/gcc/arm-none-eabi/13.3.1/../../../../arm-none-eabi/lib/thumb/v7-m/nofp\libstdc++_nano.a(new_op.o) (std::get_new_handler())
C:/ST/STM32CubeIDE_1.14.1/STM32CubeIDE/plugins/com.st.stm32cube.ide.mcu.externaltools.gnu-tools-for-stm32.13.3.rel1.win32_1.0.0.202411081344/tools/bin/../lib/gcc/arm-none-eabi/13.3.1/../../../../arm-none-eabi/lib/thumb/v7-m/nofp\libc_nano.a(libc_a-abort.o)
                              C:/ST/STM32CubeIDE_1.14.1/STM32CubeIDE/plugins/com.st.stm32cube.ide.mcu.externaltools.gnu-tools-for-stm32.13.3.rel1.win32_1.0.0.202411081344/tools/bin/../lib/gcc/arm-none-eabi/13.3.1/../../../../arm-none-eabi/lib/thumb/v7-m/nofp\libstdc++_nano.a(new_op.o) (abort)
C:/ST/STM32CubeIDE_1.14.1/STM32CubeIDE/plugins/com.st.stm32cube.ide.mcu.externaltools.gnu-tools-for-stm32.13.3.rel1.win32_1.0.0.202411081344/tools/bin/../lib/gcc/arm-none-eabi/13.3.1/../../../../arm-none-eabi/lib/thumb/v7-m/nofp\libc_nano.a(libc_a-exit.o)
                              C:/ST/STM32CubeIDE_1.14.1/STM32CubeIDE/plugins/com.st.stm32cube.ide.mcu.externaltools.gnu-tools-for-stm32.13.3.rel1.win32_1.0.0.202411081344/tools/bin/../lib/gcc/arm-none-eabi/13.3.1/../../../../arm-none-eabi/lib/thumb/v7-m/nofp/crt0.o (exit)
C:/ST/STM32CubeIDE_1.14.1/STM32CubeIDE/plugins/com.st.stm32cube.ide.mcu.externaltools.gnu-tools-for-stm32.13.3.rel1.win32_1.0.0.202411081344/tools/bin/../lib/gcc/arm-none-eabi/13.3.1/../../../../arm-none-eabi/lib/thumb/v7-m/nofp\libc_nano.a(libc_a-malloc.o)
                              C:/ST/STM32CubeIDE_1.14.1/STM32CubeIDE/plugins/com.st.stm32cube.ide.mcu.externaltools.gnu-tools-for-stm32.13.3.rel1.win32_1.0.0.202411081344/tools/bin/../lib/gcc/arm-none-eabi/13.3.1/../../../../arm-none-eabi/lib/thumb/v7-m/nofp\libstdc++_nano.a(new_op.o) (malloc)
C:/ST/STM32CubeIDE_1.14.1/STM32CubeIDE/plugins/com.st.stm32cube.ide.mcu.externaltools.gnu-tools-for-stm32.13.3.rel1.win32_1.0.0.202411081344/tools/bin/../lib/gcc/arm-none-eabi/13.3.1/../../../../arm-none-eabi/lib/thumb/v7-m/nofp\libc_nano.a(libc_a-mallocr.o)
                              C:/ST/STM32CubeIDE_1.14.1/STM32CubeIDE/plugins/com.st.stm32cube.ide.mcu.externaltools.gnu-tools-for-stm32.13.3.rel1.win32_1.0.0.202411081344/tools/bin/../lib/gcc/arm-none-eabi/13.3.1/../../../../arm-none-eabi/lib/thumb/v7-m/nofp\libc_nano.a(libc_a-malloc.o) (_malloc_r)
C:/ST/STM32CubeIDE_1.14.1/STM32CubeIDE/plugins/com.st.stm32cube.ide.mcu.externaltools.gnu-tools-for-stm32.13.3.rel1.win32_1.0.0.202411081344/tools/bin/../lib/gcc/arm-none-eabi/13.3.1/../../../../arm-none-eabi/lib/thumb/v7-m/nofp\libc_nano.a(libc_a-mlock.o)
                              C:/ST/STM32CubeIDE_1.14.1/STM32CubeIDE/plugins/com.st.stm32cube.ide.mcu.externaltools.gnu-tools-for-stm32.13.3.rel1.win32_1.0.0.202411081344/tools/bin/../lib/gcc/arm-none-eabi/13.3.1/../../../../arm-none-eabi/lib/thumb/v7-m/nofp\libc_nano.a(libc_a-mallocr.o) (__malloc_lock)
[...]
Memory Configuration

Name             Origin             Length             Attributes
RAM              0x20000000         0x0000c000         xrw
FLASH            0x08000000         0x00040000         xr
*default*        0x00000000         0xffffffff

Linker script and memory map

LOAD C:/ST/STM32CubeIDE_1.14.1/STM32CubeIDE/plugins/com.st.stm32cube.ide.mcu.externaltools.gnu-tools-for-stm32.13.3.rel1.win32_1.0.0.202411081344/tools/bin/../lib/gcc/arm-none-eabi/13.3.1/thumb/v7-m/nofp/crti.o
LOAD C:/ST/STM32CubeIDE_1.14.1/STM32CubeIDE/plugins/com.st.stm32cube.ide.mcu.externaltools.gnu-tools-for-stm32.13.3.rel1.win32_1.0.0.202411081344/tools/bin/../lib/gcc/arm-none-eabi/13.3.1/thumb/v7-m/nofp/crtbegin.o
LOAD C:/ST/STM32CubeIDE_1.14.1/STM32CubeIDE/plugins/com.st.stm32cube.ide.mcu.externaltools.gnu-tools-for-stm32.13.3.rel1.win32_1.0.0.202411081344/tools/bin/../lib/gcc/arm-none-eabi/13.3.1/../../../../arm-none-eabi/lib/thumb/v7-m/nofp/crt0.o
LOAD ./Core/Src/RxClass.o
LOAD ./Core/Src/main.o
LOAD ./Core/Src/screen.o
LOAD ./Core/Src/screenHandle.o
LOAD ./Core/Src/stm32f1xx_hal_msp.o
LOAD ./Core/Src/stm32f1xx_it.o
LOAD ./Core/Src/syscalls.o
LOAD ./Core/Src/sysmem.o
LOAD ./Core/Src/system_stm32f1xx.o
LOAD ./Core/Startup/startup_stm32f103rctx.o
LOAD ./Drivers/STM32F1xx_HAL_Driver/Src/stm32f1xx_hal.o
LOAD ./Drivers/STM32F1xx_HAL_Driver/Src/stm32f1xx_hal_can.o
LOAD ./Drivers/STM32F1xx_HAL_Driver/Src/stm32f1xx_hal_cortex.o
LOAD ./Drivers/STM32F1xx_HAL_Driver/Src/stm32f1xx_hal_dma.o
LOAD ./Drivers/STM32F1xx_HAL_Driver/Src/stm32f1xx_hal_exti.o
LOAD ./Drivers/STM32F1xx_HAL_Driver/Src/stm32f1xx_hal_flash.o
LOAD ./Drivers/STM32F1xx_HAL_Driver/Src/stm32f1xx_hal_flash_ex.o
LOAD ./Drivers/STM32F1xx_HAL_Driver/Src/stm32f1xx_hal_gpio.o
LOAD ./Drivers/STM32F1xx_HAL_Driver/Src/stm32f1xx_hal_gpio_ex.o
LOAD ./Drivers/STM32F1xx_HAL_Driver/Src/stm32f1xx_hal_i2c.o
LOAD ./Drivers/STM32F1xx_HAL_Driver/Src/stm32f1xx_hal_pwr.o
LOAD ./Drivers/STM32F1xx_HAL_Driver/Src/stm32f1xx_hal_rcc.o
LOAD ./Drivers/STM32F1xx_HAL_Driver/Src/stm32f1xx_hal_rcc_ex.o
LOAD ./Drivers/STM32F1xx_HAL_Driver/Src/stm32f1xx_hal_spi.o
LOAD ./Drivers/STM32F1xx_HAL_Driver/Src/stm32f1xx_hal_tim.o
LOAD ./Drivers/STM32F1xx_HAL_Driver/Src/stm32f1xx_hal_tim_ex.o
LOAD ./Drivers/STM32F1xx_HAL_Driver/Src/stm32f1xx_hal_uart.o
START GROUP
LOAD C:/ST/STM32CubeIDE_1.14.1/STM32CubeIDE/plugins/com.st.stm32cube.ide.mcu.externaltools.gnu-tools-for-stm32.13.3.rel1.win32_1.0.0.202411081344/tools/bin/../lib/gcc/arm-none-eabi/13.3.1/../../../../arm-none-eabi/lib/thumb/v7-m/nofp\libstdc++_nano.a
LOAD C:/ST/STM32CubeIDE_1.14.1/STM32CubeIDE/plugins/com.st.stm32cube.ide.mcu.externaltools.gnu-tools-for-stm32.13.3.rel1.win32_1.0.0.202411081344/tools/bin/../lib/gcc/arm-none-eabi/13.3.1/../../../../arm-none-eabi/lib/thumb/v7-m/nofp\libsupc++_nano.a
END GROUP
LOAD C:/ST/STM32CubeIDE_1.14.1/STM32CubeIDE/plugins/com.st.stm32cube.ide.mcu.externaltools.gnu-tools-for-stm32.13.3.rel1.win32_1.0.0.202411081344/tools/bin/../lib/gcc/arm-none-eabi/13.3.1/../../../../arm-none-eabi/lib/thumb/v7-m/nofp\libstdc++_nano.a
LOAD C:/ST/STM32CubeIDE_1.14.1/STM32CubeIDE/plugins/com.st.stm32cube.ide.mcu.externaltools.gnu-tools-for-stm32.13.3.rel1.win32_1.0.0.202411081344/tools/bin/../lib/gcc/arm-none-eabi/13.3.1/../../../../arm-none-eabi/lib/thumb/v7-m/nofp\libm.a
LOAD C:/ST/STM32CubeIDE_1.14.1/STM32CubeIDE/plugins/com.st.stm32cube.ide.mcu.externaltools.gnu-tools-for-stm32.13.3.rel1.win32_1.0.0.202411081344/tools/bin/../lib/gcc/arm-none-eabi/13.3.1/../../../../arm-none-eabi/lib/thumb/v7-m/nofp\libc_nano.a
START GROUP
LOAD C:/ST/STM32CubeIDE_1.14.1/STM32CubeIDE/plugins/com.st.stm32cube.ide.mcu.externaltools.gnu-tools-for-stm32.13.3.rel1.win32_1.0.0.202411081344/tools/bin/../lib/gcc/arm-none-eabi/13.3.1/thumb/v7-m/nofp\libgcc.a
LOAD C:/ST/STM32CubeIDE_1.14.1/STM32CubeIDE/plugins/com.st.stm32cube.ide.mcu.externaltools.gnu-tools-for-stm32.13.3.rel1.win32_1.0.0.202411081344/tools/bin/../lib/gcc/arm-none-eabi/13.3.1/../../../../arm-none-eabi/lib/thumb/v7-m/nofp\libc_nano.a
END GROUP
START GROUP
LOAD C:/ST/STM32CubeIDE_1.14.1/STM32CubeIDE/plugins/com.st.stm32cube.ide.mcu.externaltools.gnu-tools-for-stm32.13.3.rel1.win32_1.0.0.202411081344/tools/bin/../lib/gcc/arm-none-eabi/13.3.1/thumb/v7-m/nofp\libgcc.a
LOAD C:/ST/STM32CubeIDE_1.14.1/STM32CubeIDE/plugins/com.st.stm32cube.ide.mcu.externaltools.gnu-tools-for-stm32.13.3.rel1.win32_1.0.0.202411081344/tools/bin/../lib/gcc/arm-none-eabi/13.3.1/../../../../arm-none-eabi/lib/thumb/v7-m/nofp\libc_nano.a
LOAD C:/ST/STM32CubeIDE_1.14.1/STM32CubeIDE/plugins/com.st.stm32cube.ide.mcu.externaltools.gnu-tools-for-stm32.13.3.rel1.win32_1.0.0.202411081344/tools/bin/../lib/gcc/arm-none-eabi/13.3.1/../../../../arm-none-eabi/lib/thumb/v7-m/nofp\libnosys.a
END GROUP
START GROUP
LOAD C:/ST/STM32CubeIDE_1.14.1/STM32CubeIDE/plugins/com.st.stm32cube.ide.mcu.externaltools.gnu-tools-for-stm32.13.3.rel1.win32_1.0.0.202411081344/tools/bin/../lib/gcc/arm-none-eabi/13.3.1/thumb/v7-m/nofp\libgcc.a
LOAD C:/ST/STM32CubeIDE_1.14.1/STM32CubeIDE/plugins/com.st.stm32cube.ide.mcu.externaltools.gnu-tools-for-stm32.13.3.rel1.win32_1.0.0.202411081344/tools/bin/../lib/gcc/arm-none-eabi/13.3.1/../../../../arm-none-eabi/lib/thumb/v7-m/nofp\libc_nano.a
LOAD C:/ST/STM32CubeIDE_1.14.1/STM32CubeIDE/plugins/com.st.stm32cube.ide.mcu.externaltools.gnu-tools-for-stm32.13.3.rel1.win32_1.0.0.202411081344/tools/bin/../lib/gcc/arm-none-eabi/13.3.1/../../../../arm-none-eabi/lib/thumb/v7-m/nofp\libnosys.a
END GROUP
LOAD C:/ST/STM32CubeIDE_1.14.1/STM32CubeIDE/plugins/com.st.stm32cube.ide.mcu.externaltools.gnu-tools-for-stm32.13.3.rel1.win32_1.0.0.202411081344/tools/bin/../lib/gcc/arm-none-eabi/13.3.1/thumb/v7-m/nofp/crtend.o
LOAD C:/ST/STM32CubeIDE_1.14.1/STM32CubeIDE/plugins/com.st.stm32cube.ide.mcu.externaltools.gnu-tools-for-stm32.13.3.rel1.win32_1.0.0.202411081344/tools/bin/../lib/gcc/arm-none-eabi/13.3.1/thumb/v7-m/nofp/crtn.o
                0x2000c000                        _estack = (ORIGIN (RAM) + LENGTH (RAM))
                0x00000200                        _Min_Heap_Size = 0x200
                0x00000400                        _Min_Stack_Size = 0x400

.isr_vector     0x08000000      0x1e4
                0x08000000                        . = ALIGN (0x4)
 *(.isr_vector)
 .isr_vector    0x08000000      0x1e4 ./Core/Startup/startup_stm32f103rctx.o
                0x08000000                g_pfnVectors
                0x080001e4                        . = ALIGN (0x4)

.text           0x080001e8     0xa838
                0x080001e8                        . = ALIGN (0x4)
 *(.text)
 .text          0x080001e8       0x40 C:/ST/STM32CubeIDE_1.14.1/STM32CubeIDE/plugins/com.st.stm32cube.ide.mcu.externaltools.gnu-tools-for-stm32.13.3.rel1.win32_1.0.0.202411081344/tools/bin/../lib/gcc/arm-none-eabi/13.3.1/thumb/v7-m/nofp/crtbegin.o
 .text          0x08000228       0x10 C:/ST/STM32CubeIDE_1.14.1/STM32CubeIDE/plugins/com.st.stm32cube.ide.mcu.externaltools.gnu-tools-for-stm32.13.3.rel1.win32_1.0.0.202411081344/tools/bin/../lib/gcc/arm-none-eabi/13.3.1/../../../../arm-none-eabi/lib/thumb/v7-m/nofp\libc_nano.a(libc_a-strlen.o)
                0x08000228                strlen
 .text          0x08000238      0x378 C:/ST/STM32CubeIDE_1.14.1/STM32CubeIDE/plugins/com.st.stm32cube.ide.mcu.externaltools.gnu-tools-for-stm32.13.3.rel1.win32_1.0.0.202411081344/tools/bin/../lib/gcc/arm-none-eabi/13.3.1/thumb/v7-m/nofp\libgcc.a(_arm_addsubdf3.o)
                0x08000238                __aeabi_drsub
                0x08000240                __aeabi_dsub
                0x08000240                __subdf3
                0x08000244                __aeabi_dadd
                0x08000244                __adddf3
                0x080004bc                __floatunsidf
                0x080004bc                __aeabi_ui2d
                0x080004dc                __floatsidf
                0x080004dc                __aeabi_i2d
                0x08000500                __aeabi_f2d
                0x08000500                __extendsfdf2
                0x08000544                __floatundidf
                0x08000544                __aeabi_ul2d
                0x08000554                __floatdidf
                0x08000554                __aeabi_l2d
 .text          0x080005b0      0x424 C:/ST/STM32CubeIDE_1.14.1/STM32CubeIDE/plugins/com.st.stm32cube.ide.mcu.externaltools.gnu-tools-for-stm32.13.3.rel1.win32_1.0.0.202411081344/tools/bin/../lib/gcc/arm-none-eabi/13.3.1/thumb/v7-m/nofp\libgcc.a(_arm_muldivdf3.o)
                0x080005b0                __aeabi_dmul
                0x080005b0                __muldf3
                0x08000804                __divdf3
                0x08000804                __aeabi_ddiv
 .text          0x080009d4      0x110 C:/ST/STM32CubeIDE_1.14.1/STM32CubeIDE/plugins/com.st.stm32cube.ide.mcu.externaltools.gnu-tools-for-stm32.13.3.rel1.win32_1.0.0.202411081344/tools/bin/../lib/gcc/arm-none-eabi/13.3.1/thumb/v7-m/nofp\libgcc.a(_arm_cmpdf2.o)
                0x080009d4                __gtdf2
                0x080009d4                __gedf2
                0x080009dc                __ltdf2
                0x080009dc                __ledf2
                0x080009e4                __nedf2
                0x080009e4                __eqdf2
                0x080009e4                __cmpdf2
                0x08000a60                __aeabi_cdrcmple
                0x08000a70                __aeabi_cdcmpeq
                0x08000a70                __aeabi_cdcmple
                0x08000a80                __aeabi_dcmpeq
                0x08000a94                __aeabi_dcmplt
                0x08000aa8                __aeabi_dcmple
                0x08000abc                __aeabi_dcmpge
                0x08000ad0                __aeabi_dcmpgt
 .text          0x08000ae4       0x2c C:/ST/STM32CubeIDE_1.14.1/STM32CubeIDE/plugins/com.st.stm32cube.ide.mcu.externaltools.gnu-tools-for-stm32.13.3.rel1.win32_1.0.0.202411081344/tools/bin/../lib/gcc/arm-none-eabi/13.3.1/thumb/v7-m/nofp\libgcc.a(_arm_unorddf2.o)
                0x08000ae4                __unorddf2
                0x08000ae4                __aeabi_dcmpun
 .text          0x08000b10       0x50 C:/ST/STM32CubeIDE_1.14.1/STM32CubeIDE/plugins/com.st.stm32cube.ide.mcu.externaltools.gnu-tools-for-stm32.13.3.rel1.win32_1.0.0.202411081344/tools/bin/../lib/gcc/arm-none-eabi/13.3.1/thumb/v7-m/nofp\libgcc.a(_arm_fixdfsi.o)
                0x08000b10                __aeabi_d2iz
                0x08000b10                __fixdfsi
 .text          0x08000b60       0xa0 C:/ST/STM32CubeIDE_1.14.1/STM32CubeIDE/plugins/com.st.stm32cube.ide.mcu.externaltools.gnu-tools-for-stm32.13.3.rel1.win32_1.0.0.202411081344/tools/bin/../lib/gcc/arm-none-eabi/13.3.1/thumb/v7-m/nofp\libgcc.a(_arm_truncdfsf2.o)
                0x08000b60                __truncdfsf2
                0x08000b60                __aeabi_d2f
 .text          0x08000c00      0x21c C:/ST/STM32CubeIDE_1.14.1/STM32CubeIDE/plugins/com.st.stm32cube.ide.mcu.externaltools.gnu-tools-for-stm32.13.3.rel1.win32_1.0.0.202411081344/tools/bin/../lib/gcc/arm-none-eabi/13.3.1/thumb/v7-m/nofp\libgcc.a(_arm_addsubsf3.o)
                0x08000c00                __aeabi_frsub
                0x08000c08                __subsf3
                0x08000c08                __aeabi_fsub
                0x08000c0c                __aeabi_fadd
                0x08000c0c                __addsf3
                0x08000d6c                __aeabi_ui2f
                0x08000d6c                __floatunsisf
                0x08000d74                __aeabi_i2f
                0x08000d74                __floatsisf
                0x08000d90                __aeabi_ul2f
                0x08000d90                __floatundisf
                0x08000da0                __aeabi_l2f
                0x08000da0                __floatdisf
 .text          0x08000e1c      0x2a0 C:/ST/STM32CubeIDE_1.14.1/STM32CubeIDE/plugins/com.st.stm32cube.ide.mcu.externaltools.gnu-tools-for-stm32.13.3.rel1.win32_1.0.0.202411081344/tools/bin/../lib/gcc/arm-none-eabi/13.3.1/thumb/v7-m/nofp\libgcc.a(_arm_muldivsf3.o)
                0x08000e1c                __mulsf3
                0x08000e1c                __aeabi_fmul
                0x08000f84                __aeabi_fdiv
                0x08000f84                __divsf3
 .text          0x080010bc       0x4c C:/ST/STM32CubeIDE_1.14.1/STM32CubeIDE/plugins/com.st.stm32cube.ide.mcu.externaltools.gnu-tools-for-stm32.13.3.rel1.win32_1.0.0.202411081344/tools/bin/../lib/gcc/arm-none-eabi/13.3.1/thumb/v7-m/nofp\libgcc.a(_arm_fixsfsi.o)
                0x080010bc                __aeabi_f2iz
                0x080010bc                __fixsfsi
 .text          0x08001108       0x40 C:/ST/STM32CubeIDE_1.14.1/STM32CubeIDE/plugins/com.st.stm32cube.ide.mcu.externaltools.gnu-tools-for-stm32.13.3.rel1.win32_1.0.0.202411081344/tools/bin/../lib/gcc/arm-none-eabi/13.3.1/thumb/v7-m/nofp\libgcc.a(_arm_fixunssfsi.o)
                0x08001108                __fixunssfsi
                0x08001108                __aeabi_f2uiz
 *(.text*)
 .text._ZN10Rx_TypeDefC2Et10DATA_TYPESPKc
                0x08001148       0x3e ./Core/Src/main.o
                0x08001148                Rx_TypeDef::Rx_TypeDef(unsigned short, DATA_TYPES, char const*)
                0x08001148                Rx_TypeDef::Rx_TypeDef(unsigned short, DATA_TYPES, char const*)
 .text._ZN10Rx_TypeDefD2Ev
                0x08001186       0x14 ./Core/Src/main.o
                0x08001186                Rx_TypeDef::~Rx_TypeDef()
                0x08001186                Rx_TypeDef::~Rx_TypeDef()
 .text._ZNK10Rx_TypeDef8getValueEv
                0x0800119a       0x16 ./Core/Src/main.o
                0x0800119a                Rx_TypeDef::getValue() const
 .text._ZN10Rx_TypeDef7_UpdateEi
                0x080011b0       0x1a ./Core/Src/main.o
                0x080011b0                Rx_TypeDef::_Update(int)
 .text._ZN10Rx_TypeDef12_UpdateFloatEf
                0x080011ca       0x1a ./Core/Src/main.o
                0x080011ca                Rx_TypeDef::_UpdateFloat(float)
 .text._ZNSt12_Vector_baseIP11ScreenPanelSaIS1_EE12_Vector_implD2Ev
                0x080011e4       0x1c ./Core/Src/main.o
                0x080011e4                std::_Vector_base<ScreenPanel*, std::allocator<ScreenPanel*> >::_Vector_impl::~_Vector_impl()
                0x080011e4                std::_Vector_base<ScreenPanel*, std::allocator<ScreenPanel*> >::_Vector_impl::~_Vector_impl()
 .text._ZNSt12_Vector_baseIP11ScreenPanelSaIS1_EEC2Ev
                0x08001200       0x1a ./Core/Src/main.o
                0x08001200                std::_Vector_base<ScreenPanel*, std::allocator<ScreenPanel*> >::_Vector_base()
                0x08001200                std::_Vector_base<ScreenPanel*, std::allocator<ScreenPanel*> >::_Vector_base()
 .text._ZNSt6vectorIP11ScreenPanelSaIS1_EEC2Ev
                0x0800121a       0x1a ./Core/Src/main.o
                0x0800121a                std::vector<ScreenPanel*, std::allocator<ScreenPanel*> >::vector()
                0x0800121a                std::vector<ScreenPanel*, std::allocator<ScreenPanel*> >::vector()
 .text._ZN13ScreenHandlerC2Ev
                0x08001234       0x22 ./Core/Src/main.o
                0x08001234                ScreenHandler::ScreenHandler()
                0x08001234                ScreenHandler::ScreenHandler()
 .text._ZN13ScreenHandlerD2Ev
                0x08001256       0x1c ./Core/Src/main.o
                0x08001256                ScreenHandler::~ScreenHandler()
                0x08001256                ScreenHandler::~ScreenHandler()
 .text._ZN13ScreenHandler8getIndexEv
                0x08001272       0x16 ./Core/Src/main.o
                0x08001272                ScreenHandler::getIndex()
 .text._ZN11ScreenPanelC2EPKcPP10Rx_TypeDef
                0x08001288       0x24 ./Core/Src/main.o
                0x08001288                ScreenPanel::ScreenPanel(char const*, Rx_TypeDef**)
                0x08001288                ScreenPanel::ScreenPanel(char const*, Rx_TypeDef**)
 .text.HAL_GPIO_EXTI_Callback
                0x080012ac       0xa4 ./Core/Src/main.o
                0x080012ac                HAL_GPIO_EXTI_Callback
 .text.HAL_CAN_RxFifo0MsgPendingCallback
                0x08001350      0x5a0 ./Core/Src/main.o
                0x08001350                HAL_CAN_RxFifo0MsgPendingCallback
 .text._Z10startupSeqv
                0x080018f0       0xb4 ./Core/Src/main.o
                0x080018f0                startupSeq()
 .text._Z7rpmLEDsm
                0x080019a4      0x114 ./Core/Src/main.o
                0x080019a4                rpmLEDs(unsigned long)
 .text.reverseBits
                0x08001ab8       0x4a ./Core/Src/main.o
                0x08001ab8                reverseBits
 *fill*         0x08001b02        0x2 
 .text._Z8gearLEDsh
                0x08001b04       0x50 ./Core/Src/main.o
                0x08001b04                gearLEDs(unsigned char)
 .text.setBrightness
                0x08001b54       0x44 ./Core/Src/main.o
                0x08001b54                setBrightness
 .text.main     0x08001b98      0x7ec ./Core/Src/main.o
                0x08001b98                main
 .text._Z18SystemClock_Configv
                0x08002384       0x9e ./Core/Src/main.o
                0x08002384                SystemClock_Config()
 *fill*         0x08002422        0x2 
 .text._ZL11MX_CAN_Initv
                0x08002424       0x74 ./Core/Src/main.o
 .text._ZL12MX_I2C1_Initv
                0x08002498       0x68 ./Core/Src/main.o
 .text._ZL12MX_SPI1_Initv
                0x08002500       0x78 ./Core/Src/main.o
 .text._ZL12MX_SPI2_Initv
                0x08002578       0x78 ./Core/Src/main.o
 .text._ZL12MX_TIM1_Initv
                0x080025f0      0x1a0 ./Core/Src/main.o
 .text._ZL12MX_TIM3_Initv
                0x08002790       0xfc ./Core/Src/main.o
 .text._ZL12MX_GPIO_Initv
                0x0800288c      0x190 ./Core/Src/main.o
 .text.Error_Handler
                0x08002a1c        0xc ./Core/Src/main.o
                0x08002a1c                Error_Handler
 .text._ZNSt12_Vector_baseIP11ScreenPanelSaIS1_EE12_Vector_implC2Ev
                0x08002a28       0x22 ./Core/Src/main.o
                0x08002a28                std::_Vector_base<ScreenPanel*, std::allocator<ScreenPanel*> >::_Vector_impl::_Vector_impl()
                0x08002a28                std::_Vector_base<ScreenPanel*, std::allocator<ScreenPanel*> >::_Vector_impl::_Vector_impl()
 .text._ZNSt12_Vector_baseIP11ScreenPanelSaIS1_EED2Ev
                0x08002a4a       0x32 ./Core/Src/main.o
                0x08002a4a                std::_Vector_base<ScreenPanel*, std::allocator<ScreenPanel*> >::~_Vector_base()
                0x08002a4a                std::_Vector_base<ScreenPanel*, std::allocator<ScreenPanel*> >::~_Vector_base()
 .text._ZNSt6vectorIP11ScreenPanelSaIS1_EED2Ev
                0x08002a7c       0x3c ./Core/Src/main.o
                0x08002a7c                std::vector<ScreenPanel*, std::allocator<ScreenPanel*> >::~vector()
                0x08002a7c                std::vector<ScreenPanel*, std::allocator<ScreenPanel*> >::~vector()
 .text._ZNSt12_Vector_baseIP11ScreenPanelSaIS1_EE17_Vector_impl_dataC2Ev
                0x08002ab8       0x26 ./Core/Src/main.o
                0x08002ab8                std::_Vector_base<ScreenPanel*, std::allocator<ScreenPanel*> >::_Vector_impl_data::_Vector_impl_data()
                0x08002ab8                std::_Vector_base<ScreenPanel*, std::allocator<ScreenPanel*> >::_Vector_impl_data::_Vector_impl_data()
 .text._ZNSt15__new_allocatorIP11ScreenPanelED2Ev
                0x08002ade       0x14 ./Core/Src/main.o
                0x08002ade                std::__new_allocator<ScreenPanel*>::~__new_allocator()
                0x08002ade                std::__new_allocator<ScreenPanel*>::~__new_allocator()
 .text._ZNSt12_Vector_baseIP11ScreenPanelSaIS1_EE13_M_deallocateEPS1_j
                0x08002af2       0x32 ./Core/Src/main.o
                0x08002af2                std::_Vector_base<ScreenPanel*, std::allocator<ScreenPanel*> >::_M_deallocate(ScreenPanel**, unsigned int)
 .text._ZNSt12_Vector_baseIP11ScreenPanelSaIS1_EE19_M_get_Tp_allocatorEv
                0x08002b24       0x14 ./Core/Src/main.o
                0x08002b24                std::_Vector_base<ScreenPanel*, std::allocator<ScreenPanel*> >::_M_get_Tp_allocator()
 .text._ZSt8_DestroyIPP11ScreenPanelEvT_S3_
                0x08002b38       0x1a ./Core/Src/main.o
                0x08002b38                void std::_Destroy<ScreenPanel**>(ScreenPanel**, ScreenPanel**)
 .text._ZNSt15__new_allocatorIP11ScreenPanelE10deallocateEPS1_j
                0x08002b52       0x20 ./Core/Src/main.o
                0x08002b52                std::__new_allocator<ScreenPanel*>::deallocate(ScreenPanel**, unsigned int)
 .text._ZNSt12_Destroy_auxILb1EE9__destroyIPP11ScreenPanelEEvT_S5_
                0x08002b72       0x14 ./Core/Src/main.o
                0x08002b72                void std::_Destroy_aux<true>::__destroy<ScreenPanel**>(ScreenPanel**, ScreenPanel**)
 *fill*         0x08002b86        0x2 
 .text._Z41__static_initialization_and_destruction_0v
                0x08002b88      0x1c8 ./Core/Src/main.o
 .text._Z41__static_initialization_and_destruction_1v
                0x08002d50       0xe4 ./Core/Src/main.o
 .text._GLOBAL__sub_I_hcan
                0x08002e34        0xa ./Core/Src/main.o
 .text._GLOBAL__sub_D_hcan
                0x08002e3e        0xa ./Core/Src/main.o
 .text.set_hi2c
                0x08002e48       0x30 ./Core/Src/screen.o
                0x08002e48                set_hi2c
 .text.write_byte
                0x08002e78       0x38 ./Core/Src/screen.o
                0x08002e78                write_byte
 .text.write_bytes
                0x08002eb0       0x38 ./Core/Src/screen.o
                0x08002eb0                write_bytes
 .text.write_bytes_const
                0x08002ee8       0x38 ./Core/Src/screen.o
                0x08002ee8                write_bytes_const
 .text.clear_display
                0x08002f20       0x14 ./Core/Src/screen.o
                0x08002f20                clear_display
 .text.hide_cursor
                0x08002f34        0xe ./Core/Src/screen.o
                0x08002f34                hide_cursor
 .text.move_cursor
                0x08002f42       0x2e ./Core/Src/screen.o
                0x08002f42                move_cursor
 .text.set_FSAE_bitmap
                0x08002f70       0x60 ./Core/Src/screen.o
                0x08002f70                set_FSAE_bitmap
 .text.set_funBitmap
                0x08002fd0       0x74 ./Core/Src/screen.o
                0x08002fd0                set_funBitmap
 .text.write_bitmap
                0x08003044       0x38 ./Core/Src/screen.o
                0x08003044                write_bitmap
 .text.display_FSAE_bootscreen
                0x0800307c       0x34 ./Core/Src/screen.o
                0x0800307c                display_FSAE_bootscreen
 .text._ZNK10Rx_TypeDef8getFloatEv
                0x080030b0       0x16 ./Core/Src/screenHandle.o
                0x080030b0                Rx_TypeDef::getFloat() const
 .text._ZNK10Rx_TypeDef8getLabelEv
                0x080030c6       0x16 ./Core/Src/screenHandle.o
                0x080030c6                Rx_TypeDef::getLabel() const
 .text._ZNK10Rx_TypeDef7getTypeEv
                0x080030dc       0x16 ./Core/Src/screenHandle.o
                0x080030dc                Rx_TypeDef::getType() const
 .text._ZnwjPv  0x080030f2       0x16 ./Core/Src/screenHandle.o
                0x080030f2                operator new(unsigned int, void*)
 .text._ZN11ScreenPanel11titleScreenEv
                0x08003108       0x5a ./Core/Src/screenHandle.o
                0x08003108                ScreenPanel::titleScreen()
 .text._ZN11ScreenPanel7DisplayEv
                0x08003162      0x10e ./Core/Src/screenHandle.o
                0x08003162                ScreenPanel::Display()
 .text._ZN13ScreenHandler11startScreenEv
                0x08003270       0x48 ./Core/Src/screenHandle.o
                0x08003270                ScreenHandler::startScreen()
 .text._ZN13ScreenHandler10nextScreenEv
                0x080032b8       0x72 ./Core/Src/screenHandle.o
                0x080032b8                ScreenHandler::nextScreen()
 .text._ZN13ScreenHandler10prevScreenEv
                0x0800332a       0x6c ./Core/Src/screenHandle.o
                0x0800332a                ScreenHandler::prevScreen()
 .text._ZN13ScreenHandler6handleEv
                0x08003396       0x2a ./Core/Src/screenHandle.o
                0x08003396                ScreenHandler::handle()
 .text._ZN13ScreenHandler9addScreenEP11ScreenPanel
                0x080033c0       0x20 ./Core/Src/screenHandle.o
                0x080033c0                ScreenHandler::addScreen(ScreenPanel*)
 .text._Z10formatTimei
                0x080033e0       0xe8 ./Core/Src/screenHandle.o
                0x080033e0                formatTime(int)
 .text._ZNSt6vectorIP11ScreenPanelSaIS1_EEixEj
                0x080034c8       0x1e ./Core/Src/screenHandle.o
                0x080034c8                std::vector<ScreenPanel*, std::allocator<ScreenPanel*> >::operator[](unsigned int)
 .text._ZNKSt6vectorIP11ScreenPanelSaIS1_EE4sizeEv
                0x080034e6       0x1e ./Core/Src/screenHandle.o
                0x080034e6                std::vector<ScreenPanel*, std::allocator<ScreenPanel*> >::size() const
 .text._ZNSt6vectorIP11ScreenPanelSaIS1_EE9push_backERKS1_
                0x08003504       0x78 ./Core/Src/screenHandle.o
                0x08003504                std::vector<ScreenPanel*, std::allocator<ScreenPanel*> >::push_back(ScreenPanel* const&)
 .text._ZNSt6vectorIP11ScreenPanelSaIS1_EE3endEv
                0x0800357c       0x22 ./Core/Src/screenHandle.o
                0x0800357c                std::vector<ScreenPanel*, std::allocator<ScreenPanel*> >::end()
 .text._ZNSt6vectorIP11ScreenPanelSaIS1_EE15_S_use_relocateEv
                0x0800359e       0x16 ./Core/Src/screenHandle.o
                0x0800359e                std::vector<ScreenPanel*, std::allocator<ScreenPanel*> >::_S_use_relocate()
 .text._ZNSt6vectorIP11ScreenPanelSaIS1_EE19_S_nothrow_relocateESt17integral_constantIbLb1EE
                0x080035b4       0x14 ./Core/Src/screenHandle.o
                0x080035b4                std::vector<ScreenPanel*, std::allocator<ScreenPanel*> >::_S_nothrow_relocate(std::integral_constant<bool, true>)
 .text._ZNSt6vectorIP11ScreenPanelSaIS1_EE17_M_realloc_insertIJRKS1_EEEvN9__gnu_cxx17__normal_iteratorIPS1_S3_EEDpOT_
                0x080035c8      0x1ac ./Core/Src/screenHandle.o
                0x080035c8                void std::vector<ScreenPanel*, std::allocator<ScreenPanel*> >::_M_realloc_insert<ScreenPanel* const&>(__gnu_cxx::__normal_iterator<ScreenPanel**, std::vector<ScreenPanel*, std::allocator<ScreenPanel*> > >, ScreenPanel* const&)
 .text._ZSt7forwardIRKP11ScreenPanelEOT_RNSt16remove_referenceIS4_E4typeE
                0x08003774       0x14 ./Core/Src/screenHandle.o
                0x08003774                ScreenPanel* const& std::forward<ScreenPanel* const&>(std::remove_reference<ScreenPanel* const&>::type&)
 .text._ZN9__gnu_cxx17__normal_iteratorIPP11ScreenPanelSt6vectorIS2_SaIS2_EEEC2ERKS3_
                0x08003788       0x1e ./Core/Src/screenHandle.o
                0x08003788                __gnu_cxx::__normal_iterator<ScreenPanel**, std::vector<ScreenPanel*, std::allocator<ScreenPanel*> > >::__normal_iterator(ScreenPanel** const&)
                0x08003788                __gnu_cxx::__normal_iterator<ScreenPanel**, std::vector<ScreenPanel*, std::allocator<ScreenPanel*> > >::__normal_iterator(ScreenPanel** const&)
 .text._ZNKSt6vectorIP11ScreenPanelSaIS1_EE12_M_check_lenEjPKc
                0x080037a6       0x8e ./Core/Src/screenHandle.o
                0x080037a6                std::vector<ScreenPanel*, std::allocator<ScreenPanel*> >::_M_check_len(unsigned int, char const*) const
 .text._ZNSt6vectorIP11ScreenPanelSaIS1_EE5beginEv
                0x08003834       0x20 ./Core/Src/screenHandle.o
                0x08003834                std::vector<ScreenPanel*, std::allocator<ScreenPanel*> >::begin()
 .text._ZN9__gnu_cxxmiIPP11ScreenPanelSt6vectorIS2_SaIS2_EEEENS_17__normal_iteratorIT_T0_E15difference_typeERKSA_SD_
                0x08003854       0x2a ./Core/Src/screenHandle.o
                0x08003854                __gnu_cxx::__normal_iterator<ScreenPanel**, std::vector<ScreenPanel*, std::allocator<ScreenPanel*> > >::difference_type __gnu_cxx::operator-<ScreenPanel**, std::vector<ScreenPanel*, std::allocator<ScreenPanel*> > >(__gnu_cxx::__normal_iterator<ScreenPanel**, std::vector<ScreenPanel*, std::allocator<ScreenPanel*> > > const&, __gnu_cxx::__normal_iterator<ScreenPanel**, std::vector<ScreenPanel*, std::allocator<ScreenPanel*> > > const&)
 .text._ZNSt12_Vector_baseIP11ScreenPanelSaIS1_EE11_M_allocateEj
                0x0800387e       0x32 ./Core/Src/screenHandle.o
                0x0800387e                std::_Vector_base<ScreenPanel*, std::allocator<ScreenPanel*> >::_M_allocate(unsigned int)
 .text._ZNSt6vectorIP11ScreenPanelSaIS1_EE11_S_relocateEPS1_S4_S4_RS2_
                0x080038b0       0x28 ./Core/Src/screenHandle.o
                0x080038b0                std::vector<ScreenPanel*, std::allocator<ScreenPanel*> >::_S_relocate(ScreenPanel**, ScreenPanel**, ScreenPanel**, std::allocator<ScreenPanel*>&)
 .text._ZNK9__gnu_cxx17__normal_iteratorIPP11ScreenPanelSt6vectorIS2_SaIS2_EEE4baseEv
                0x080038d8       0x14 ./Core/Src/screenHandle.o
                0x080038d8                __gnu_cxx::__normal_iterator<ScreenPanel**, std::vector<ScreenPanel*, std::allocator<ScreenPanel*> > >::base() const
 .text._ZSt34__uninitialized_move_if_noexcept_aIPP11ScreenPanelS2_SaIS1_EET0_T_S5_S4_RT1_
                0x080038ec       0x32 ./Core/Src/screenHandle.o
                0x080038ec                ScreenPanel** std::__uninitialized_move_if_noexcept_a<ScreenPanel**, ScreenPanel**, std::allocator<ScreenPanel*> >(ScreenPanel**, ScreenPanel**, ScreenPanel**, std::allocator<ScreenPanel*>&)
 .text._ZNKSt6vectorIP11ScreenPanelSaIS1_EE8max_sizeEv
                0x0800391e       0x22 ./Core/Src/screenHandle.o
                0x0800391e                std::vector<ScreenPanel*, std::allocator<ScreenPanel*> >::max_size() const
 .text._ZSt3maxIjERKT_S2_S2_
                0x08003940       0x26 ./Core/Src/screenHandle.o
                0x08003940                unsigned int const& std::max<unsigned int>(unsigned int const&, unsigned int const&)
 .text._ZNSt6vectorIP11ScreenPanelSaIS1_EE14_S_do_relocateEPS1_S4_S4_RS2_St17integral_constantIbLb1EE
                0x08003966       0x24 ./Core/Src/screenHandle.o
                0x08003966                std::vector<ScreenPanel*, std::allocator<ScreenPanel*> >::_S_do_relocate(ScreenPanel**, ScreenPanel**, ScreenPanel**, std::allocator<ScreenPanel*>&, std::integral_constant<bool, true>)
 .text._ZSt32__make_move_if_noexcept_iteratorIP11ScreenPanelSt13move_iteratorIPS1_EET0_PT_
                0x0800398a       0x1e ./Core/Src/screenHandle.o
                0x0800398a                std::move_iterator<ScreenPanel**> std::__make_move_if_noexcept_iterator<ScreenPanel*, std::move_iterator<ScreenPanel**> >(ScreenPanel**)
 .text._ZSt22__uninitialized_copy_aISt13move_iteratorIPP11ScreenPanelES3_S2_ET0_T_S6_S5_RSaIT1_E
                0x080039a8       0x22 ./Core/Src/screenHandle.o
                0x080039a8                ScreenPanel** std::__uninitialized_copy_a<std::move_iterator<ScreenPanel**>, ScreenPanel**, ScreenPanel*>(std::move_iterator<ScreenPanel**>, std::move_iterator<ScreenPanel**>, ScreenPanel**, std::allocator<ScreenPanel*>&)
 .text._ZNSt6vectorIP11ScreenPanelSaIS1_EE11_S_max_sizeERKS2_
                0x080039ca       0x40 ./Core/Src/screenHandle.o
                0x080039ca                std::vector<ScreenPanel*, std::allocator<ScreenPanel*> >::_S_max_size(std::allocator<ScreenPanel*> const&)
 .text._ZNKSt12_Vector_baseIP11ScreenPanelSaIS1_EE19_M_get_Tp_allocatorEv
                0x08003a0a       0x14 ./Core/Src/screenHandle.o
                0x08003a0a                std::_Vector_base<ScreenPanel*, std::allocator<ScreenPanel*> >::_M_get_Tp_allocator() const
 .text._ZNSt15__new_allocatorIP11ScreenPanelE8allocateEjPKv
                0x08003a1e       0x52 ./Core/Src/screenHandle.o
                0x08003a1e                std::__new_allocator<ScreenPanel*>::allocate(unsigned int, void const*)
 .text._ZSt12__relocate_aIPP11ScreenPanelS2_SaIS1_EET0_T_S5_S4_RT1_
                0x08003a70       0x3a ./Core/Src/screenHandle.o
                0x08003a70                ScreenPanel** std::__relocate_a<ScreenPanel**, ScreenPanel**, std::allocator<ScreenPanel*> >(ScreenPanel**, ScreenPanel**, ScreenPanel**, std::allocator<ScreenPanel*>&)
 .text._ZNSt13move_iteratorIPP11ScreenPanelEC2ES2_
                0x08003aaa       0x24 ./Core/Src/screenHandle.o
                0x08003aaa                std::move_iterator<ScreenPanel**>::move_iterator(ScreenPanel**)
                0x08003aaa                std::move_iterator<ScreenPanel**>::move_iterator(ScreenPanel**)
 .text._ZSt18uninitialized_copyISt13move_iteratorIPP11ScreenPanelES3_ET0_T_S6_S5_
                0x08003ace       0x28 ./Core/Src/screenHandle.o
                0x08003ace                ScreenPanel** std::uninitialized_copy<std::move_iterator<ScreenPanel**>, ScreenPanel**>(std::move_iterator<ScreenPanel**>, std::move_iterator<ScreenPanel**>, ScreenPanel**)
 .text._ZSt3minIjERKT_S2_S2_
                0x08003af6       0x26 ./Core/Src/screenHandle.o
                0x08003af6                unsigned int const& std::min<unsigned int>(unsigned int const&, unsigned int const&)
 .text._ZSt12__niter_baseIPP11ScreenPanelET_S3_
                0x08003b1c       0x14 ./Core/Src/screenHandle.o
                0x08003b1c                ScreenPanel** std::__niter_base<ScreenPanel**>(ScreenPanel**)
 .text._ZSt14__relocate_a_1IP11ScreenPanelS1_ENSt9enable_ifIXsrSt24__is_bitwise_relocatableIT_vE5valueEPS4_E4typeES6_S6_S6_RSaIT0_E
                0x08003b30       0x3c ./Core/Src/screenHandle.o
                0x08003b30                std::enable_if<std::__is_bitwise_relocatable<ScreenPanel*, void>::value, ScreenPanel**>::type std::__relocate_a_1<ScreenPanel*, ScreenPanel*>(ScreenPanel**, ScreenPanel**, ScreenPanel**, std::allocator<ScreenPanel*>&)
 .text._ZSt4moveIRPP11ScreenPanelEONSt16remove_referenceIT_E4typeEOS5_
                0x08003b6c       0x14 ./Core/Src/screenHandle.o
                0x08003b6c                std::remove_reference<ScreenPanel**&>::type&& std::move<ScreenPanel**&>(ScreenPanel**&)
 .text._ZNSt20__uninitialized_copyILb1EE13__uninit_copyISt13move_iteratorIPP11ScreenPanelES5_EET0_T_S8_S7_
                0x08003b80       0x20 ./Core/Src/screenHandle.o
                0x08003b80                ScreenPanel** std::__uninitialized_copy<true>::__uninit_copy<std::move_iterator<ScreenPanel**>, ScreenPanel**>(std::move_iterator<ScreenPanel**>, std::move_iterator<ScreenPanel**>, ScreenPanel**)
 .text._ZSt4copyISt13move_iteratorIPP11ScreenPanelES3_ET0_T_S6_S5_
                0x08003ba0       0x30 ./Core/Src/screenHandle.o
                0x08003ba0                ScreenPanel** std::copy<std::move_iterator<ScreenPanel**>, ScreenPanel**>(std::move_iterator<ScreenPanel**>, std::move_iterator<ScreenPanel**>, ScreenPanel**)
 .text._ZSt12__miter_baseIPP11ScreenPanelEDTcl12__miter_basecldtfp_4baseEEESt13move_iteratorIT_E
                0x08003bd0       0x22 ./Core/Src/screenHandle.o
                0x08003bd0                decltype (__miter_base(({parm#1}.base)())) std::__miter_base<ScreenPanel**>(std::move_iterator<ScreenPanel**>)
 .text._ZSt13__copy_move_aILb1EPP11ScreenPanelS2_ET1_T0_S4_S3_
                0x08003bf2       0x46 ./Core/Src/screenHandle.o
                0x08003bf2                ScreenPanel** std::__copy_move_a<true, ScreenPanel**, ScreenPanel**>(ScreenPanel**, ScreenPanel**, ScreenPanel**)
 .text._ZNKSt13move_iteratorIPP11ScreenPanelE4baseEv
                0x08003c38       0x16 ./Core/Src/screenHandle.o
                0x08003c38                std::move_iterator<ScreenPanel**>::base() const
 .text._ZSt12__miter_baseIPP11ScreenPanelET_S3_
                0x08003c4e       0x14 ./Core/Src/screenHandle.o
                0x08003c4e                ScreenPanel** std::__miter_base<ScreenPanel**>(ScreenPanel**)
 .text._ZSt14__copy_move_a1ILb1EPP11ScreenPanelS2_ET1_T0_S4_S3_
                0x08003c62       0x20 ./Core/Src/screenHandle.o
                0x08003c62                ScreenPanel** std::__copy_move_a1<true, ScreenPanel**, ScreenPanel**>(ScreenPanel**, ScreenPanel**, ScreenPanel**)
 .text._ZSt12__niter_wrapIPP11ScreenPanelET_RKS3_S3_
                0x08003c82       0x16 ./Core/Src/screenHandle.o
                0x08003c82                ScreenPanel** std::__niter_wrap<ScreenPanel**>(ScreenPanel** const&, ScreenPanel**)
 .text._ZSt14__copy_move_a2ILb1EPP11ScreenPanelS2_ET1_T0_S4_S3_
                0x08003c98       0x20 ./Core/Src/screenHandle.o
                0x08003c98                ScreenPanel** std::__copy_move_a2<true, ScreenPanel**, ScreenPanel**>(ScreenPanel**, ScreenPanel**, ScreenPanel**)
 .text._ZNSt11__copy_moveILb1ELb1ESt26random_access_iterator_tagE8__copy_mIP11ScreenPanelS4_EEPT0_PT_S8_S6_
                0x08003cb8       0x54 ./Core/Src/screenHandle.o
                0x08003cb8                ScreenPanel** std::__copy_move<true, true, std::random_access_iterator_tag>::__copy_m<ScreenPanel*, ScreenPanel*>(ScreenPanel**, ScreenPanel**, ScreenPanel**)
 .text._ZNSt11__copy_moveILb1ELb0ESt26random_access_iterator_tagE12__assign_oneIP11ScreenPanelS4_EEvPT_PT0_
                0x08003d0c       0x20 ./Core/Src/screenHandle.o
                0x08003d0c                void std::__copy_move<true, false, std::random_access_iterator_tag>::__assign_one<ScreenPanel*, ScreenPanel*>(ScreenPanel**, ScreenPanel**)
 .text._ZSt4moveIRP11ScreenPanelEONSt16remove_referenceIT_E4typeEOS4_
                0x08003d2c       0x14 ./Core/Src/screenHandle.o
                0x08003d2c                std::remove_reference<ScreenPanel*&>::type&& std::move<ScreenPanel*&>(ScreenPanel*&)
 .text.HAL_MspInit
                0x08003d40       0x64 ./Core/Src/stm32f1xx_hal_msp.o
                0x08003d40                HAL_MspInit
 .text.HAL_CAN_MspInit
                0x08003da4       0xd0 ./Core/Src/stm32f1xx_hal_msp.o
                0x08003da4                HAL_CAN_MspInit
 .text.HAL_I2C_MspInit
                0x08003e74       0x7c ./Core/Src/stm32f1xx_hal_msp.o
                0x08003e74                HAL_I2C_MspInit
 .text.HAL_SPI_MspInit
                0x08003ef0       0xdc ./Core/Src/stm32f1xx_hal_msp.o
                0x08003ef0                HAL_SPI_MspInit
 .text.HAL_TIM_Base_MspInit
                0x08003fcc       0xb4 ./Core/Src/stm32f1xx_hal_msp.o
                0x08003fcc                HAL_TIM_Base_MspInit
 .text.HAL_TIM_MspPostInit
                0x08004080       0x68 ./Core/Src/stm32f1xx_hal_msp.o
                0x08004080                HAL_TIM_MspPostInit
 .text.NMI_Handler
                0x080040e8        0x8 ./Core/Src/stm32f1xx_it.o
                0x080040e8                NMI_Handler
 .text.HardFault_Handler
                0x080040f0        0x8 ./Core/Src/stm32f1xx_it.o
                0x080040f0                HardFault_Handler
 .text.MemManage_Handler
                0x080040f8        0x8 ./Core/Src/stm32f1xx_it.o
                0x080040f8                MemManage_Handler
 .text.BusFault_Handler
                0x08004100        0x8 ./Core/Src/stm32f1xx_it.o
                0x08004100                BusFault_Handler
 .text.UsageFault_Handler
                0x08004108        0x8 ./Core/Src/stm32f1xx_it.o
                0x08004108                UsageFault_Handler
 .text.SVC_Handler
                0x08004110        0xc ./Core/Src/stm32f1xx_it.o
                0x08004110                SVC_Handler
 .text.DebugMon_Handler
                0x0800411c        0xc ./Core/Src/stm32f1xx_it.o
                0x0800411c                DebugMon_Handler
 .text.PendSV_Handler
                0x08004128        0xc ./Core/Src/stm32f1xx_it.o
                0x08004128                PendSV_Handler
 .text.SysTick_Handler
                0x08004134        0xc ./Core/Src/stm32f1xx_it.o
                0x08004134                SysTick_Handler
 .text.EXTI2_IRQHandler
                0x08004140        0xe ./Core/Src/stm32f1xx_it.o
                0x08004140                EXTI2_IRQHandler
 .text.EXTI3_IRQHandler
                0x0800414e        0xe ./Core/Src/stm32f1xx_it.o
                0x0800414e                EXTI3_IRQHandler
 .text.USB_LP_CAN1_RX0_IRQHandler
                0x0800415c       0x14 ./Core/Src/stm32f1xx_it.o
                0x0800415c                USB_LP_CAN1_RX0_IRQHandler
 .text.TIM3_IRQHandler
                0x08004170       0x14 ./Core/Src/stm32f1xx_it.o
                0x08004170                TIM3_IRQHandler
 .text._getpid  0x08004184        0xe ./Core/Src/syscalls.o
                0x08004184                _getpid
 .text._kill    0x08004192       0x20 ./Core/Src/syscalls.o
                0x08004192                _kill
 .text._exit    0x080041b2       0x16 ./Core/Src/syscalls.o
                0x080041b2                _exit
 .text._read    0x080041c8       0x3a ./Core/Src/syscalls.o
                0x080041c8                _read
 .text._write   0x08004202       0x38 ./Core/Src/syscalls.o
                0x08004202                _write
 .text._close   0x0800423a       0x16 ./Core/Src/syscalls.o
                0x0800423a                _close
 .text._fstat   0x08004250       0x1e ./Core/Src/syscalls.o
                0x08004250                _fstat
 .text._isatty  0x0800426e       0x14 ./Core/Src/syscalls.o
                0x0800426e                _isatty
 .text._lseek   0x08004282       0x18 ./Core/Src/syscalls.o
                0x08004282                _lseek
 *fill*         0x0800429a        0x2 
 .text._sbrk    0x0800429c       0x6c ./Core/Src/sysmem.o
                0x0800429c                _sbrk
 .text.SystemInit
                0x08004308        0xc ./Core/Src/system_stm32f1xx.o
                0x08004308                SystemInit
 .text.Reset_Handler
                0x08004314       0x48 ./Core/Startup/startup_stm32f103rctx.o
                0x08004314                Reset_Handler
 .text.Default_Handler
                0x0800435c        0x2 ./Core/Startup/startup_stm32f103rctx.o
                0x0800435c                RTC_Alarm_IRQHandler
                0x0800435c                TIM8_TRG_COM_IRQHandler
                0x0800435c                TIM8_CC_IRQHandler
                0x0800435c                TIM1_CC_IRQHandler
                0x0800435c                TIM6_IRQHandler
                0x0800435c                PVD_IRQHandler
                0x0800435c                SDIO_IRQHandler
                0x0800435c                EXTI0_IRQHandler
                0x0800435c                I2C2_EV_IRQHandler
                0x0800435c                ADC1_2_IRQHandler
                0x0800435c                SPI1_IRQHandler
                0x0800435c                TAMPER_IRQHandler
                0x0800435c                TIM8_UP_IRQHandler
                0x0800435c                DMA2_Channel2_IRQHandler
                0x0800435c                DMA1_Channel4_IRQHandler
                0x0800435c                USART3_IRQHandler
                0x0800435c                RTC_IRQHandler
                0x0800435c                DMA1_Channel7_IRQHandler
                0x0800435c                CAN1_RX1_IRQHandler
                0x0800435c                UART5_IRQHandler
                0x0800435c                ADC3_IRQHandler
                0x0800435c                TIM4_IRQHandler
                0x0800435c                DMA2_Channel1_IRQHandler
                0x0800435c                I2C1_EV_IRQHandler
                0x0800435c                DMA1_Channel6_IRQHandler
                0x0800435c                UART4_IRQHandler
                0x0800435c                RCC_IRQHandler
                0x0800435c                TIM1_TRG_COM_IRQHandler
                0x0800435c                DMA1_Channel1_IRQHandler
                0x0800435c                Default_Handler
                0x0800435c                EXTI15_10_IRQHandler
                0x0800435c                TIM7_IRQHandler
                0x0800435c                TIM5_IRQHandler
                0x0800435c                EXTI9_5_IRQHandler
                0x0800435c                SPI2_IRQHandler
                0x0800435c                DMA1_Channel5_IRQHandler
                0x0800435c                EXTI4_IRQHandler
                0x0800435c                USB_HP_CAN1_TX_IRQHandler
                0x0800435c                DMA1_Channel3_IRQHandler
                0x0800435c                FSMC_IRQHandler
                0x0800435c                TIM1_UP_IRQHandler
                0x0800435c                WWDG_IRQHandler
                0x0800435c                TIM2_IRQHandler
                0x0800435c                TIM1_BRK_IRQHandler
                0x0800435c                EXTI1_IRQHandler
                0x0800435c                DMA2_Channel4_5_IRQHandler
                0x0800435c                USART2_IRQHandler
                0x0800435c                I2C2_ER_IRQHandler
                0x0800435c                DMA1_Channel2_IRQHandler
                0x0800435c                TIM8_BRK_IRQHandler
                0x0800435c                CAN1_SCE_IRQHandler
                0x0800435c                FLASH_IRQHandler
                0x0800435c                USART1_IRQHandler
                0x0800435c                SPI3_IRQHandler
                0x0800435c                I2C1_ER_IRQHandler
                0x0800435c                USBWakeUp_IRQHandler
                0x0800435c                DMA2_Channel3_IRQHandler
 *fill*         0x0800435e        0x2 
 .text.HAL_Init
                0x08004360       0x2c ./Drivers/STM32F1xx_HAL_Driver/Src/stm32f1xx_hal.o
                0x08004360                HAL_Init
 .text.HAL_InitTick
                0x0800438c       0x60 ./Drivers/STM32F1xx_HAL_Driver/Src/stm32f1xx_hal.o
                0x0800438c                HAL_InitTick
 .text.HAL_IncTick
                0x080043ec       0x24 ./Drivers/STM32F1xx_HAL_Driver/Src/stm32f1xx_hal.o
                0x080043ec                HAL_IncTick
 .text.HAL_GetTick
                0x08004410       0x14 ./Drivers/STM32F1xx_HAL_Driver/Src/stm32f1xx_hal.o
                0x08004410                HAL_GetTick
 .text.HAL_Delay
                0x08004424       0x48 ./Drivers/STM32F1xx_HAL_Driver/Src/stm32f1xx_hal.o
                0x08004424                HAL_Delay
 .text.HAL_CAN_Init
                0x0800446c      0x1f6 ./Drivers/STM32F1xx_HAL_Driver/Src/stm32f1xx_hal_can.o
                0x0800446c                HAL_CAN_Init
 .text.HAL_CAN_ConfigFilter
                0x08004662      0x192 ./Drivers/STM32F1xx_HAL_Driver/Src/stm32f1xx_hal_can.o
                0x08004662                HAL_CAN_ConfigFilter
 .text.HAL_CAN_Start
                0x080047f4       0x88 ./Drivers/STM32F1xx_HAL_Driver/Src/stm32f1xx_hal_can.o
                0x080047f4                HAL_CAN_Start
 .text.HAL_CAN_GetRxMessage
                0x0800487c      0x242 ./Drivers/STM32F1xx_HAL_Driver/Src/stm32f1xx_hal_can.o
                0x0800487c                HAL_CAN_GetRxMessage
 .text.HAL_CAN_ActivateNotification
                0x08004abe       0x4a ./Drivers/STM32F1xx_HAL_Driver/Src/stm32f1xx_hal_can.o
                0x08004abe                HAL_CAN_ActivateNotification
 .text.HAL_CAN_IRQHandler
                0x08004b08      0x36e ./Drivers/STM32F1xx_HAL_Driver/Src/stm32f1xx_hal_can.o
                0x08004b08                HAL_CAN_IRQHandler
 .text.HAL_CAN_TxMailbox0CompleteCallback
                0x08004e76       0x12 ./Drivers/STM32F1xx_HAL_Driver/Src/stm32f1xx_hal_can.o
                0x08004e76                HAL_CAN_TxMailbox0CompleteCallback
 .text.HAL_CAN_TxMailbox1CompleteCallback
                0x08004e88       0x12 ./Drivers/STM32F1xx_HAL_Driver/Src/stm32f1xx_hal_can.o
                0x08004e88                HAL_CAN_TxMailbox1CompleteCallback
 .text.HAL_CAN_TxMailbox2CompleteCallback
                0x08004e9a       0x12 ./Drivers/STM32F1xx_HAL_Driver/Src/stm32f1xx_hal_can.o
                0x08004e9a                HAL_CAN_TxMailbox2CompleteCallback
 .text.HAL_CAN_TxMailbox0AbortCallback
                0x08004eac       0x12 ./Drivers/STM32F1xx_HAL_Driver/Src/stm32f1xx_hal_can.o
                0x08004eac                HAL_CAN_TxMailbox0AbortCallback
 .text.HAL_CAN_TxMailbox1AbortCallback
                0x08004ebe       0x12 ./Drivers/STM32F1xx_HAL_Driver/Src/stm32f1xx_hal_can.o
                0x08004ebe                HAL_CAN_TxMailbox1AbortCallback
 .text.HAL_CAN_TxMailbox2AbortCallback
                0x08004ed0       0x12 ./Drivers/STM32F1xx_HAL_Driver/Src/stm32f1xx_hal_can.o
                0x08004ed0                HAL_CAN_TxMailbox2AbortCallback
 .text.HAL_CAN_RxFifo0FullCallback
                0x08004ee2       0x12 ./Drivers/STM32F1xx_HAL_Driver/Src/stm32f1xx_hal_can.o
                0x08004ee2                HAL_CAN_RxFifo0FullCallback
 .text.HAL_CAN_RxFifo1MsgPendingCallback
                0x08004ef4       0x12 ./Drivers/STM32F1xx_HAL_Driver/Src/stm32f1xx_hal_can.o
                0x08004ef4                HAL_CAN_RxFifo1MsgPendingCallback
 .text.HAL_CAN_RxFifo1FullCallback
                0x08004f06       0x12 ./Drivers/STM32F1xx_HAL_Driver/Src/stm32f1xx_hal_can.o
                0x08004f06                HAL_CAN_RxFifo1FullCallback
 .text.HAL_CAN_SleepCallback
                0x08004f18       0x12 ./Drivers/STM32F1xx_HAL_Driver/Src/stm32f1xx_hal_can.o
                0x08004f18                HAL_CAN_SleepCallback
 .text.HAL_CAN_WakeUpFromRxMsgCallback
                0x08004f2a       0x12 ./Drivers/STM32F1xx_HAL_Driver/Src/stm32f1xx_hal_can.o
                0x08004f2a                HAL_CAN_WakeUpFromRxMsgCallback
 .text.HAL_CAN_ErrorCallback
                0x08004f3c       0x12 ./Drivers/STM32F1xx_HAL_Driver/Src/stm32f1xx_hal_can.o
                0x08004f3c                HAL_CAN_ErrorCallback
 *fill*         0x08004f4e        0x2 
 .text.__NVIC_SetPriorityGrouping
                0x08004f50       0x48 ./Drivers/STM32F1xx_HAL_Driver/Src/stm32f1xx_hal_cortex.o
 .text.__NVIC_GetPriorityGrouping
                0x08004f98       0x1c ./Drivers/STM32F1xx_HAL_Driver/Src/stm32f1xx_hal_cortex.o
 .text.__NVIC_EnableIRQ
                0x08004fb4       0x38 ./Drivers/STM32F1xx_HAL_Driver/Src/stm32f1xx_hal_cortex.o
 .text.__NVIC_SetPriority
                0x08004fec       0x54 ./Drivers/STM32F1xx_HAL_Driver/Src/stm32f1xx_hal_cortex.o
 .text.NVIC_EncodePriority
                0x08005040       0x64 ./Drivers/STM32F1xx_HAL_Driver/Src/stm32f1xx_hal_cortex.o
 .text.SysTick_Config
                0x080050a4       0x44 ./Drivers/STM32F1xx_HAL_Driver/Src/stm32f1xx_hal_cortex.o
 .text.HAL_NVIC_SetPriorityGrouping
                0x080050e8       0x16 ./Drivers/STM32F1xx_HAL_Driver/Src/stm32f1xx_hal_cortex.o
                0x080050e8                HAL_NVIC_SetPriorityGrouping
 .text.HAL_NVIC_SetPriority
                0x080050fe       0x38 ./Drivers/STM32F1xx_HAL_Driver/Src/stm32f1xx_hal_cortex.o
                0x080050fe                HAL_NVIC_SetPriority
 .text.HAL_NVIC_EnableIRQ
                0x08005136       0x1c ./Drivers/STM32F1xx_HAL_Driver/Src/stm32f1xx_hal_cortex.o
                0x08005136                HAL_NVIC_EnableIRQ
 .text.HAL_SYSTICK_Config
                0x08005152       0x18 ./Drivers/STM32F1xx_HAL_Driver/Src/stm32f1xx_hal_cortex.o
                0x08005152                HAL_SYSTICK_Config
 *fill*         0x0800516a        0x2 
 .text.HAL_GPIO_Init
                0x0800516c      0x328 ./Drivers/STM32F1xx_HAL_Driver/Src/stm32f1xx_hal_gpio.o
                0x0800516c                HAL_GPIO_Init
 .text.HAL_GPIO_ReadPin
                0x08005494       0x2e ./Drivers/STM32F1xx_HAL_Driver/Src/stm32f1xx_hal_gpio.o
                0x08005494                HAL_GPIO_ReadPin
 .text.HAL_GPIO_WritePin
                0x080054c2       0x30 ./Drivers/STM32F1xx_HAL_Driver/Src/stm32f1xx_hal_gpio.o
                0x080054c2                HAL_GPIO_WritePin
 *fill*         0x080054f2        0x2 
 .text.HAL_GPIO_EXTI_IRQHandler
                0x080054f4       0x30 ./Drivers/STM32F1xx_HAL_Driver/Src/stm32f1xx_hal_gpio.o
                0x080054f4                HAL_GPIO_EXTI_IRQHandler
 .text.HAL_I2C_Init
                0x08005524      0x288 ./Drivers/STM32F1xx_HAL_Driver/Src/stm32f1xx_hal_i2c.o
                0x08005524                HAL_I2C_Init
 .text.HAL_I2C_Master_Transmit
                0x080057ac      0x1fc ./Drivers/STM32F1xx_HAL_Driver/Src/stm32f1xx_hal_i2c.o
                0x080057ac                HAL_I2C_Master_Transmit
 .text.I2C_MasterRequestWrite
                0x080059a8      0x104 ./Drivers/STM32F1xx_HAL_Driver/Src/stm32f1xx_hal_i2c.o
 .text.I2C_WaitOnFlagUntilTimeout
                0x08005aac       0xf4 ./Drivers/STM32F1xx_HAL_Driver/Src/stm32f1xx_hal_i2c.o
 .text.I2C_WaitOnMasterAddressFlagUntilTimeout
                0x08005ba0      0x140 ./Drivers/STM32F1xx_HAL_Driver/Src/stm32f1xx_hal_i2c.o
 .text.I2C_WaitOnTXEFlagUntilTimeout
                0x08005ce0       0x90 ./Drivers/STM32F1xx_HAL_Driver/Src/stm32f1xx_hal_i2c.o
 .text.I2C_WaitOnBTFFlagUntilTimeout
                0x08005d70       0x90 ./Drivers/STM32F1xx_HAL_Driver/Src/stm32f1xx_hal_i2c.o
 .text.I2C_IsAcknowledgeFailed
                0x08005e00       0x5c ./Drivers/STM32F1xx_HAL_Driver/Src/stm32f1xx_hal_i2c.o
 .text.HAL_RCC_OscConfig
                0x08005e5c      0x504 ./Drivers/STM32F1xx_HAL_Driver/Src/stm32f1xx_hal_rcc.o
                0x08005e5c                HAL_RCC_OscConfig
 .text.HAL_RCC_ClockConfig
                0x08006360      0x1d4 ./Drivers/STM32F1xx_HAL_Driver/Src/stm32f1xx_hal_rcc.o
                0x08006360                HAL_RCC_ClockConfig
 .text.HAL_RCC_GetSysClockFreq
                0x08006534       0xac ./Drivers/STM32F1xx_HAL_Driver/Src/stm32f1xx_hal_rcc.o
                0x08006534                HAL_RCC_GetSysClockFreq
 .text.HAL_RCC_GetHCLKFreq
                0x080065e0       0x14 ./Drivers/STM32F1xx_HAL_Driver/Src/stm32f1xx_hal_rcc.o
                0x080065e0                HAL_RCC_GetHCLKFreq
 .text.HAL_RCC_GetPCLK1Freq
                0x080065f4       0x28 ./Drivers/STM32F1xx_HAL_Driver/Src/stm32f1xx_hal_rcc.o
                0x080065f4                HAL_RCC_GetPCLK1Freq
 .text.RCC_Delay
                0x0800661c       0x3c ./Drivers/STM32F1xx_HAL_Driver/Src/stm32f1xx_hal_rcc.o
 .text.HAL_SPI_Init
                0x08006658      0x108 ./Drivers/STM32F1xx_HAL_Driver/Src/stm32f1xx_hal_spi.o
                0x08006658                HAL_SPI_Init
 .text.HAL_SPI_Transmit
                0x08006760      0x288 ./Drivers/STM32F1xx_HAL_Driver/Src/stm32f1xx_hal_spi.o
                0x08006760                HAL_SPI_Transmit
 .text.SPI_WaitFlagStateUntilTimeout
                0x080069e8      0x110 ./Drivers/STM32F1xx_HAL_Driver/Src/stm32f1xx_hal_spi.o
 .text.SPI_EndRxTxTransaction
                0x08006af8       0x62 ./Drivers/STM32F1xx_HAL_Driver/Src/stm32f1xx_hal_spi.o
 .text.HAL_TIM_Base_Init
                0x08006b5a       0x9e ./Drivers/STM32F1xx_HAL_Driver/Src/stm32f1xx_hal_tim.o
                0x08006b5a                HAL_TIM_Base_Init
 .text.HAL_TIM_PWM_Init
                0x08006bf8       0x9e ./Drivers/STM32F1xx_HAL_Driver/Src/stm32f1xx_hal_tim.o
                0x08006bf8                HAL_TIM_PWM_Init
 .text.HAL_TIM_PWM_MspInit
                0x08006c96       0x12 ./Drivers/STM32F1xx_HAL_Driver/Src/stm32f1xx_hal_tim.o
                0x08006c96                HAL_TIM_PWM_MspInit
 .text.HAL_TIM_PWM_Start
                0x08006ca8      0x174 ./Drivers/STM32F1xx_HAL_Driver/Src/stm32f1xx_hal_tim.o
                0x08006ca8                HAL_TIM_PWM_Start
 .text.HAL_TIM_IRQHandler
                0x08006e1c      0x1e0 ./Drivers/STM32F1xx_HAL_Driver/Src/stm32f1xx_hal_tim.o
                0x08006e1c                HAL_TIM_IRQHandler
 .text.HAL_TIM_PWM_ConfigChannel
                0x08006ffc      0x184 ./Drivers/STM32F1xx_HAL_Driver/Src/stm32f1xx_hal_tim.o
                0x08006ffc                HAL_TIM_PWM_ConfigChannel
 .text.HAL_TIM_ConfigClockSource
                0x08007180      0x18e ./Drivers/STM32F1xx_HAL_Driver/Src/stm32f1xx_hal_tim.o
                0x08007180                HAL_TIM_ConfigClockSource
 .text.HAL_TIM_SlaveConfigSynchro
                0x0800730e       0x84 ./Drivers/STM32F1xx_HAL_Driver/Src/stm32f1xx_hal_tim.o
                0x0800730e                HAL_TIM_SlaveConfigSynchro
 .text.HAL_TIM_PeriodElapsedCallback
                0x08007392       0x12 ./Drivers/STM32F1xx_HAL_Driver/Src/stm32f1xx_hal_tim.o
                0x08007392                HAL_TIM_PeriodElapsedCallback
 .text.HAL_TIM_OC_DelayElapsedCallback
                0x080073a4       0x12 ./Drivers/STM32F1xx_HAL_Driver/Src/stm32f1xx_hal_tim.o
                0x080073a4                HAL_TIM_OC_DelayElapsedCallback
 .text.HAL_TIM_IC_CaptureCallback
                0x080073b6       0x12 ./Drivers/STM32F1xx_HAL_Driver/Src/stm32f1xx_hal_tim.o
                0x080073b6                HAL_TIM_IC_CaptureCallback
 .text.HAL_TIM_PWM_PulseFinishedCallback
                0x080073c8       0x12 ./Drivers/STM32F1xx_HAL_Driver/Src/stm32f1xx_hal_tim.o
                0x080073c8                HAL_TIM_PWM_PulseFinishedCallback
 .text.HAL_TIM_TriggerCallback
                0x080073da       0x12 ./Drivers/STM32F1xx_HAL_Driver/Src/stm32f1xx_hal_tim.o
                0x080073da                HAL_TIM_TriggerCallback
 .text.TIM_Base_SetConfig
                0x080073ec      0x10c ./Drivers/STM32F1xx_HAL_Driver/Src/stm32f1xx_hal_tim.o
                0x080073ec                TIM_Base_SetConfig
 .text.TIM_OC1_SetConfig
                0x080074f8       0xe0 ./Drivers/STM32F1xx_HAL_Driver/Src/stm32f1xx_hal_tim.o
 .text.TIM_OC2_SetConfig
                0x080075d8       0xe8 ./Drivers/STM32F1xx_HAL_Driver/Src/stm32f1xx_hal_tim.o
                0x080075d8                TIM_OC2_SetConfig
 .text.TIM_OC3_SetConfig
                0x080076c0       0xe8 ./Drivers/STM32F1xx_HAL_Driver/Src/stm32f1xx_hal_tim.o
 .text.TIM_OC4_SetConfig
                0x080077a8       0xa8 ./Drivers/STM32F1xx_HAL_Driver/Src/stm32f1xx_hal_tim.o
 .text.TIM_SlaveTimer_SetConfig
                0x08007850      0x122 ./Drivers/STM32F1xx_HAL_Driver/Src/stm32f1xx_hal_tim.o
 .text.TIM_TI1_ConfigInputStage
                0x08007972       0x5c ./Drivers/STM32F1xx_HAL_Driver/Src/stm32f1xx_hal_tim.o
 .text.TIM_TI2_ConfigInputStage
                0x080079ce       0x5e ./Drivers/STM32F1xx_HAL_Driver/Src/stm32f1xx_hal_tim.o
 .text.TIM_ITRx_SetConfig
                0x08007a2c       0x34 ./Drivers/STM32F1xx_HAL_Driver/Src/stm32f1xx_hal_tim.o
 .text.TIM_ETR_SetConfig
                0x08007a60       0x3e ./Drivers/STM32F1xx_HAL_Driver/Src/stm32f1xx_hal_tim.o
                0x08007a60                TIM_ETR_SetConfig
 .text.TIM_CCxChannelCmd
                0x08007a9e       0x48 ./Drivers/STM32F1xx_HAL_Driver/Src/stm32f1xx_hal_tim.o
                0x08007a9e                TIM_CCxChannelCmd
 *fill*         0x08007ae6        0x2 
 .text.HAL_TIMEx_MasterConfigSynchronization
                0x08007ae8       0xd8 ./Drivers/STM32F1xx_HAL_Driver/Src/stm32f1xx_hal_tim_ex.o
                0x08007ae8                HAL_TIMEx_MasterConfigSynchronization
 .text.HAL_TIMEx_ConfigBreakDeadTime
                0x08007bc0       0xa2 ./Drivers/STM32F1xx_HAL_Driver/Src/stm32f1xx_hal_tim_ex.o
                0x08007bc0                HAL_TIMEx_ConfigBreakDeadTime
 .text.HAL_TIMEx_CommutCallback
                0x08007c62       0x12 ./Drivers/STM32F1xx_HAL_Driver/Src/stm32f1xx_hal_tim_ex.o
                0x08007c62                HAL_TIMEx_CommutCallback
 .text.HAL_TIMEx_BreakCallback
                0x08007c74       0x12 ./Drivers/STM32F1xx_HAL_Driver/Src/stm32f1xx_hal_tim_ex.o
                0x08007c74                HAL_TIMEx_BreakCallback
 .text._ZdlPvj  0x08007c86        0x4 C:/ST/STM32CubeIDE_1.14.1/STM32CubeIDE/plugins/com.st.stm32cube.ide.mcu.externaltools.gnu-tools-for-stm32.13.3.rel1.win32_1.0.0.202411081344/tools/bin/../lib/gcc/arm-none-eabi/13.3.1/../../../../arm-none-eabi/lib/thumb/v7-m/nofp\libstdc++_nano.a(del_ops.o)
                0x08007c86                operator delete(void*, unsigned int)
 .text._Znwj    0x08007c8a       0x22 C:/ST/STM32CubeIDE_1.14.1/STM32CubeIDE/plugins/com.st.stm32cube.ide.mcu.externaltools.gnu-tools-for-stm32.13.3.rel1.win32_1.0.0.202411081344/tools/bin/../lib/gcc/arm-none-eabi/13.3.1/../../../../arm-none-eabi/lib/thumb/v7-m/nofp\libstdc++_nano.a(new_op.o)
                0x08007c8a                operator new(unsigned int)
 .text.unlikely._ZSt17__throw_bad_allocv
                0x08007cac        0x6 C:/ST/STM32CubeIDE_1.14.1/STM32CubeIDE/plugins/com.st.stm32cube.ide.mcu.externaltools.gnu-tools-for-stm32.13.3.rel1.win32_1.0.0.202411081344/tools/bin/../lib/gcc/arm-none-eabi/13.3.1/../../../../arm-none-eabi/lib/thumb/v7-m/nofp\libstdc++_nano.a(functexcept.o)
                0x08007cac                std::__throw_bad_alloc()
 .text.unlikely._ZSt28__throw_bad_array_new_lengthv
                0x08007cb2        0x6 C:/ST/STM32CubeIDE_1.14.1/STM32CubeIDE/plugins/com.st.stm32cube.ide.mcu.externaltools.gnu-tools-for-stm32.13.3.rel1.win32_1.0.0.202411081344/tools/bin/../lib/gcc/arm-none-eabi/13.3.1/../../../../arm-none-eabi/lib/thumb/v7-m/nofp\libstdc++_nano.a(functexcept.o)
                0x08007cb2                std::__throw_bad_array_new_length()
 .text.unlikely._ZSt20__throw_length_errorPKc
                0x08007cb8        0x6 C:/ST/STM32CubeIDE_1.14.1/STM32CubeIDE/plugins/com.st.stm32cube.ide.mcu.externaltools.gnu-tools-for-stm32.13.3.rel1.win32_1.0.0.202411081344/tools/bin/../lib/gcc/arm-none-eabi/13.3.1/../../../../arm-none-eabi/lib/thumb/v7-m/nofp\libstdc++_nano.a(functexcept.o)
                0x08007cb8                std::__throw_length_error(char const*)
 .text._ZdlPv   0x08007cbe        0x4 C:/ST/STM32CubeIDE_1.14.1/STM32CubeIDE/plugins/com.st.stm32cube.ide.mcu.externaltools.gnu-tools-for-stm32.13.3.rel1.win32_1.0.0.202411081344/tools/bin/../lib/gcc/arm-none-eabi/13.3.1/../../../../arm-none-eabi/lib/thumb/v7-m/nofp\libstdc++_nano.a(del_op.o)
                0x08007cbe                operator delete(void*)
 *fill*         0x08007cc2        0x2 
 .text._ZSt15get_new_handlerv
                0x08007cc4       0x10 C:/ST/STM32CubeIDE_1.14.1/STM32CubeIDE/plugins/com.st.stm32cube.ide.mcu.externaltools.gnu-tools-for-stm32.13.3.rel1.win32_1.0.0.202411081344/tools/bin/../lib/gcc/arm-none-eabi/13.3.1/../../../../arm-none-eabi/lib/thumb/v7-m/nofp\libstdc++_nano.a(new_handler.o)
                0x08007cc4                std::get_new_handler()
 .text.abort    0x08007cd4        0xe C:/ST/STM32CubeIDE_1.14.1/STM32CubeIDE/plugins/com.st.stm32cube.ide.mcu.externaltools.gnu-tools-for-stm32.13.3.rel1.win32_1.0.0.202411081344/tools/bin/../lib/gcc/arm-none-eabi/13.3.1/../../../../arm-none-eabi/lib/thumb/v7-m/nofp\libc_nano.a(libc_a-abort.o)
                0x08007cd4                abort
 *fill*         0x08007ce2        0x2 
 .text.malloc   0x08007ce4       0x10 C:/ST/STM32CubeIDE_1.14.1/STM32CubeIDE/plugins/com.st.stm32cube.ide.mcu.externaltools.gnu-tools-for-stm32.13.3.rel1.win32_1.0.0.202411081344/tools/bin/../lib/gcc/arm-none-eabi/13.3.1/../../../../arm-none-eabi/lib/thumb/v7-m/nofp\libc_nano.a(libc_a-malloc.o)
                0x08007ce4                malloc
 .text.free     0x08007cf4       0x10 C:/ST/STM32CubeIDE_1.14.1/STM32CubeIDE/plugins/com.st.stm32cube.ide.mcu.externaltools.gnu-tools-for-stm32.13.3.rel1.win32_1.0.0.202411081344/tools/bin/../lib/gcc/arm-none-eabi/13.3.1/../../../../arm-none-eabi/lib/thumb/v7-m/nofp\libc_nano.a(libc_a-malloc.o)
                0x08007cf4                free
 .text.sbrk_aligned
                0x08007d04       0x44 C:/ST/STM32CubeIDE_1.14.1/STM32CubeIDE/plugins/com.st.stm32cube.ide.mcu.externaltools.gnu-tools-for-stm32.13.3.rel1.win32_1.0.0.202411081344/tools/bin/../lib/gcc/arm-none-eabi/13.3.1/../../../../arm-none-eabi/lib/thumb/v7-m/nofp\libc_nano.a(libc_a-mallocr.o)
 .text._malloc_r
                0x08007d48      0x100 C:/ST/STM32CubeIDE_1.14.1/STM32CubeIDE/plugins/com.st.stm32cube.ide.mcu.externaltools.gnu-tools-for-stm32.13.3.rel1.win32_1.0.0.202411081344/tools/bin/../lib/gcc/arm-none-eabi/13.3.1/../../../../arm-none-eabi/lib/thumb/v7-m/nofp\libc_nano.a(libc_a-mallocr.o)
                0x08007d48                _malloc_r
 .text.__malloc_lock
                0x08007e48        0xc C:/ST/STM32CubeIDE_1.14.1/STM32CubeIDE/plugins/com.st.stm32cube.ide.mcu.externaltools.gnu-tools-for-stm32.13.3.rel1.win32_1.0.0.202411081344/tools/bin/../lib/gcc/arm-none-eabi/13.3.1/../../../../arm-none-eabi/lib/thumb/v7-m/nofp\libc_nano.a(libc_a-mlock.o)
                0x08007e48                __malloc_lock
 .text.__malloc_unlock
                0x08007e54        0xc C:/ST/STM32CubeIDE_1.14.1/STM32CubeIDE/plugins/com.st.stm32cube.ide.mcu.externaltools.gnu-tools-for-stm32.13.3.rel1.win32_1.0.0.202411081344/tools/bin/../lib/gcc/arm-none-eabi/13.3.1/../../../../arm-none-eabi/lib/thumb/v7-m/nofp\libc_nano.a(libc_a-mlock.o)
                0x08007e54                __malloc_unlock
 .text.__cvt    0x08007e60       0xc8 C:/ST/STM32CubeIDE_1.14.1/STM32CubeIDE/plugins/com.st.stm32cube.ide.mcu.externaltools.gnu-tools-for-stm32.13.3.rel1.win32_1.0.0.202411081344/tools/bin/../lib/gcc/arm-none-eabi/13.3.1/../../../../arm-none-eabi/lib/thumb/v7-m/nofp\libc_nano.a(libc_a-nano-vfprintf_float.o)
                0x08007e60                __cvt
 .text.__exponent
                0x08007f28       0x74 C:/ST/STM32CubeIDE_1.14.1/STM32CubeIDE/plugins/com.st.stm32cube.ide.mcu.externaltools.gnu-tools-for-stm32.13.3.rel1.win32_1.0.0.202411081344/tools/bin/../lib/gcc/arm-none-eabi/13.3.1/../../../../arm-none-eabi/lib/thumb/v7-m/nofp\libc_nano.a(libc_a-nano-vfprintf_float.o)
                0x08007f28                __exponent
 .text._printf_float
                0x08007f9c      0x458 C:/ST/STM32CubeIDE_1.14.1/STM32CubeIDE/plugins/com.st.stm32cube.ide.mcu.externaltools.gnu-tools-for-stm32.13.3.rel1.win32_1.0.0.202411081344/tools/bin/../lib/gcc/arm-none-eabi/13.3.1/../../../../arm-none-eabi/lib/thumb/v7-m/nofp\libc_nano.a(libc_a-nano-vfprintf_float.o)
                0x08007f9c                _printf_float
 .text._printf_common
                0x080083f4       0xe4 C:/ST/STM32CubeIDE_1.14.1/STM32CubeIDE/plugins/com.st.stm32cube.ide.mcu.externaltools.gnu-tools-for-stm32.13.3.rel1.win32_1.0.0.202411081344/tools/bin/../lib/gcc/arm-none-eabi/13.3.1/../../../../arm-none-eabi/lib/thumb/v7-m/nofp\libc_nano.a(libc_a-nano-vfprintf_i.o)
                0x080083f4                _printf_common
 .text._printf_i
                0x080084d8      0x23c C:/ST/STM32CubeIDE_1.14.1/STM32CubeIDE/plugins/com.st.stm32cube.ide.mcu.externaltools.gnu-tools-for-stm32.13.3.rel1.win32_1.0.0.202411081344/tools/bin/../lib/gcc/arm-none-eabi/13.3.1/../../../../arm-none-eabi/lib/thumb/v7-m/nofp\libc_nano.a(libc_a-nano-vfprintf_i.o)
                0x080084d8                _printf_i
 .text.std      0x08008714       0x6c C:/ST/STM32CubeIDE_1.14.1/STM32CubeIDE/plugins/com.st.stm32cube.ide.mcu.externaltools.gnu-tools-for-stm32.13.3.rel1.win32_1.0.0.202411081344/tools/bin/../lib/gcc/arm-none-eabi/13.3.1/../../../../arm-none-eabi/lib/thumb/v7-m/nofp\libc_nano.a(libc_a-findfp.o)
 .text.stdio_exit_handler
                0x08008780       0x18 C:/ST/STM32CubeIDE_1.14.1/STM32CubeIDE/plugins/com.st.stm32cube.ide.mcu.externaltools.gnu-tools-for-stm32.13.3.rel1.win32_1.0.0.202411081344/tools/bin/../lib/gcc/arm-none-eabi/13.3.1/../../../../arm-none-eabi/lib/thumb/v7-m/nofp\libc_nano.a(libc_a-findfp.o)
 .text.cleanup_stdio
                0x08008798       0x40 C:/ST/STM32CubeIDE_1.14.1/STM32CubeIDE/plugins/com.st.stm32cube.ide.mcu.externaltools.gnu-tools-for-stm32.13.3.rel1.win32_1.0.0.202411081344/tools/bin/../lib/gcc/arm-none-eabi/13.3.1/../../../../arm-none-eabi/lib/thumb/v7-m/nofp\libc_nano.a(libc_a-findfp.o)
 .text.global_stdio_init.part.0
                0x080087d8       0x3c C:/ST/STM32CubeIDE_1.14.1/STM32CubeIDE/plugins/com.st.stm32cube.ide.mcu.externaltools.gnu-tools-for-stm32.13.3.rel1.win32_1.0.0.202411081344/tools/bin/../lib/gcc/arm-none-eabi/13.3.1/../../../../arm-none-eabi/lib/thumb/v7-m/nofp\libc_nano.a(libc_a-findfp.o)
 .text.__sfp_lock_acquire
                0x08008814        0xc C:/ST/STM32CubeIDE_1.14.1/STM32CubeIDE/plugins/com.st.stm32cube.ide.mcu.externaltools.gnu-tools-for-stm32.13.3.rel1.win32_1.0.0.202411081344/tools/bin/../lib/gcc/arm-none-eabi/13.3.1/../../../../arm-none-eabi/lib/thumb/v7-m/nofp\libc_nano.a(libc_a-findfp.o)
                0x08008814                __sfp_lock_acquire
 .text.__sfp_lock_release
                0x08008820        0xc C:/ST/STM32CubeIDE_1.14.1/STM32CubeIDE/plugins/com.st.stm32cube.ide.mcu.externaltools.gnu-tools-for-stm32.13.3.rel1.win32_1.0.0.202411081344/tools/bin/../lib/gcc/arm-none-eabi/13.3.1/../../../../arm-none-eabi/lib/thumb/v7-m/nofp\libc_nano.a(libc_a-findfp.o)
                0x08008820                __sfp_lock_release
 .text.__sinit  0x0800882c       0x30 C:/ST/STM32CubeIDE_1.14.1/STM32CubeIDE/plugins/com.st.stm32cube.ide.mcu.externaltools.gnu-tools-for-stm32.13.3.rel1.win32_1.0.0.202411081344/tools/bin/../lib/gcc/arm-none-eabi/13.3.1/../../../../arm-none-eabi/lib/thumb/v7-m/nofp\libc_nano.a(libc_a-findfp.o)
                0x0800882c                __sinit
 .text._fwalk_sglue
                0x0800885c       0x3c C:/ST/STM32CubeIDE_1.14.1/STM32CubeIDE/plugins/com.st.stm32cube.ide.mcu.externaltools.gnu-tools-for-stm32.13.3.rel1.win32_1.0.0.202411081344/tools/bin/../lib/gcc/arm-none-eabi/13.3.1/../../../../arm-none-eabi/lib/thumb/v7-m/nofp\libc_nano.a(libc_a-fwalk.o)
                0x0800885c                _fwalk_sglue
 .text.snprintf
                0x08008898       0x6c C:/ST/STM32CubeIDE_1.14.1/STM32CubeIDE/plugins/com.st.stm32cube.ide.mcu.externaltools.gnu-tools-for-stm32.13.3.rel1.win32_1.0.0.202411081344/tools/bin/../lib/gcc/arm-none-eabi/13.3.1/../../../../arm-none-eabi/lib/thumb/v7-m/nofp\libc_nano.a(libc_a-snprintf.o)
                0x08008898                sniprintf
                0x08008898                snprintf
 .text.sprintf  0x08008904       0x44 C:/ST/STM32CubeIDE_1.14.1/STM32CubeIDE/plugins/com.st.stm32cube.ide.mcu.externaltools.gnu-tools-for-stm32.13.3.rel1.win32_1.0.0.202411081344/tools/bin/../lib/gcc/arm-none-eabi/13.3.1/../../../../arm-none-eabi/lib/thumb/v7-m/nofp\libc_nano.a(libc_a-sprintf.o)
                0x08008904                siprintf
                0x08008904                sprintf
 .text.__sread  0x08008948       0x22 C:/ST/STM32CubeIDE_1.14.1/STM32CubeIDE/plugins/com.st.stm32cube.ide.mcu.externaltools.gnu-tools-for-stm32.13.3.rel1.win32_1.0.0.202411081344/tools/bin/../lib/gcc/arm-none-eabi/13.3.1/../../../../arm-none-eabi/lib/thumb/v7-m/nofp\libc_nano.a(libc_a-stdio.o)
                0x08008948                __sread
 .text.__swrite
                0x0800896a       0x38 C:/ST/STM32CubeIDE_1.14.1/STM32CubeIDE/plugins/com.st.stm32cube.ide.mcu.externaltools.gnu-tools-for-stm32.13.3.rel1.win32_1.0.0.202411081344/tools/bin/../lib/gcc/arm-none-eabi/13.3.1/../../../../arm-none-eabi/lib/thumb/v7-m/nofp\libc_nano.a(libc_a-stdio.o)
                0x0800896a                __swrite
 .text.__sseek  0x080089a2       0x24 C:/ST/STM32CubeIDE_1.14.1/STM32CubeIDE/plugins/com.st.stm32cube.ide.mcu.externaltools.gnu-tools-for-stm32.13.3.rel1.win32_1.0.0.202411081344/tools/bin/../lib/gcc/arm-none-eabi/13.3.1/../../../../arm-none-eabi/lib/thumb/v7-m/nofp\libc_nano.a(libc_a-stdio.o)
                0x080089a2                __sseek
 .text.__sclose
                0x080089c6        0x8 C:/ST/STM32CubeIDE_1.14.1/STM32CubeIDE/plugins/com.st.stm32cube.ide.mcu.externaltools.gnu-tools-for-stm32.13.3.rel1.win32_1.0.0.202411081344/tools/bin/../lib/gcc/arm-none-eabi/13.3.1/../../../../arm-none-eabi/lib/thumb/v7-m/nofp\libc_nano.a(libc_a-stdio.o)
                0x080089c6                __sclose
 .text.memmove  0x080089ce       0x34 C:/ST/STM32CubeIDE_1.14.1/STM32CubeIDE/plugins/com.st.stm32cube.ide.mcu.externaltools.gnu-tools-for-stm32.13.3.rel1.win32_1.0.0.202411081344/tools/bin/../lib/gcc/arm-none-eabi/13.3.1/../../../../arm-none-eabi/lib/thumb/v7-m/nofp\libc_nano.a(libc_a-memmove.o)
                0x080089ce                memmove
 .text.memset   0x08008a02       0x10 C:/ST/STM32CubeIDE_1.14.1/STM32CubeIDE/plugins/com.st.stm32cube.ide.mcu.externaltools.gnu-tools-for-stm32.13.3.rel1.win32_1.0.0.202411081344/tools/bin/../lib/gcc/arm-none-eabi/13.3.1/../../../../arm-none-eabi/lib/thumb/v7-m/nofp\libc_nano.a(libc_a-memset.o)
                0x08008a02                memset
 .text._raise_r
                0x08008a12       0x50 C:/ST/STM32CubeIDE_1.14.1/STM32CubeIDE/plugins/com.st.stm32cube.ide.mcu.externaltools.gnu-tools-for-stm32.13.3.rel1.win32_1.0.0.202411081344/tools/bin/../lib/gcc/arm-none-eabi/13.3.1/../../../../arm-none-eabi/lib/thumb/v7-m/nofp\libc_nano.a(libc_a-signal.o)
                0x08008a12                _raise_r
 *fill*         0x08008a62        0x2 
 .text.raise    0x08008a64       0x10 C:/ST/STM32CubeIDE_1.14.1/STM32CubeIDE/plugins/com.st.stm32cube.ide.mcu.externaltools.gnu-tools-for-stm32.13.3.rel1.win32_1.0.0.202411081344/tools/bin/../lib/gcc/arm-none-eabi/13.3.1/../../../../arm-none-eabi/lib/thumb/v7-m/nofp\libc_nano.a(libc_a-signal.o)
                0x08008a64                raise
 .text._localeconv_r
                0x08008a74        0x8 C:/ST/STM32CubeIDE_1.14.1/STM32CubeIDE/plugins/com.st.stm32cube.ide.mcu.externaltools.gnu-tools-for-stm32.13.3.rel1.win32_1.0.0.202411081344/tools/bin/../lib/gcc/arm-none-eabi/13.3.1/../../../../arm-none-eabi/lib/thumb/v7-m/nofp\libc_nano.a(libc_a-localeconv.o)
                0x08008a74                _localeconv_r
 .text._close_r
                0x08008a7c       0x20 C:/ST/STM32CubeIDE_1.14.1/STM32CubeIDE/plugins/com.st.stm32cube.ide.mcu.externaltools.gnu-tools-for-stm32.13.3.rel1.win32_1.0.0.202411081344/tools/bin/../lib/gcc/arm-none-eabi/13.3.1/../../../../arm-none-eabi/lib/thumb/v7-m/nofp\libc_nano.a(libc_a-closer.o)
                0x08008a7c                _close_r
 .text._lseek_r
                0x08008a9c       0x24 C:/ST/STM32CubeIDE_1.14.1/STM32CubeIDE/plugins/com.st.stm32cube.ide.mcu.externaltools.gnu-tools-for-stm32.13.3.rel1.win32_1.0.0.202411081344/tools/bin/../lib/gcc/arm-none-eabi/13.3.1/../../../../arm-none-eabi/lib/thumb/v7-m/nofp\libc_nano.a(libc_a-lseekr.o)
                0x08008a9c                _lseek_r
 .text._read_r  0x08008ac0       0x24 C:/ST/STM32CubeIDE_1.14.1/STM32CubeIDE/plugins/com.st.stm32cube.ide.mcu.externaltools.gnu-tools-for-stm32.13.3.rel1.win32_1.0.0.202411081344/tools/bin/../lib/gcc/arm-none-eabi/13.3.1/../../../../arm-none-eabi/lib/thumb/v7-m/nofp\libc_nano.a(libc_a-readr.o)
                0x08008ac0                _read_r
 .text._kill_r  0x08008ae4       0x24 C:/ST/STM32CubeIDE_1.14.1/STM32CubeIDE/plugins/com.st.stm32cube.ide.mcu.externaltools.gnu-tools-for-stm32.13.3.rel1.win32_1.0.0.202411081344/tools/bin/../lib/gcc/arm-none-eabi/13.3.1/../../../../arm-none-eabi/lib/thumb/v7-m/nofp\libc_nano.a(libc_a-signalr.o)
                0x08008ae4                _kill_r
 .text._getpid_r
                0x08008b08        0x4 C:/ST/STM32CubeIDE_1.14.1/STM32CubeIDE/plugins/com.st.stm32cube.ide.mcu.externaltools.gnu-tools-for-stm32.13.3.rel1.win32_1.0.0.202411081344/tools/bin/../lib/gcc/arm-none-eabi/13.3.1/../../../../arm-none-eabi/lib/thumb/v7-m/nofp\libc_nano.a(libc_a-signalr.o)
                0x08008b08                _getpid_r
 .text._sbrk_r  0x08008b0c       0x20 C:/ST/STM32CubeIDE_1.14.1/STM32CubeIDE/plugins/com.st.stm32cube.ide.mcu.externaltools.gnu-tools-for-stm32.13.3.rel1.win32_1.0.0.202411081344/tools/bin/../lib/gcc/arm-none-eabi/13.3.1/../../../../arm-none-eabi/lib/thumb/v7-m/nofp\libc_nano.a(libc_a-sbrkr.o)
                0x08008b0c                _sbrk_r
 .text._write_r
                0x08008b2c       0x24 C:/ST/STM32CubeIDE_1.14.1/STM32CubeIDE/plugins/com.st.stm32cube.ide.mcu.externaltools.gnu-tools-for-stm32.13.3.rel1.win32_1.0.0.202411081344/tools/bin/../lib/gcc/arm-none-eabi/13.3.1/../../../../arm-none-eabi/lib/thumb/v7-m/nofp\libc_nano.a(libc_a-writer.o)
                0x08008b2c                _write_r
 .text.__errno  0x08008b50        0xc C:/ST/STM32CubeIDE_1.14.1/STM32CubeIDE/plugins/com.st.stm32cube.ide.mcu.externaltools.gnu-tools-for-stm32.13.3.rel1.win32_1.0.0.202411081344/tools/bin/../lib/gcc/arm-none-eabi/13.3.1/../../../../arm-none-eabi/lib/thumb/v7-m/nofp\libc_nano.a(libc_a-errno.o)
                0x08008b50                __errno
 .text.__libc_init_array
                0x08008b5c       0x48 C:/ST/STM32CubeIDE_1.14.1/STM32CubeIDE/plugins/com.st.stm32cube.ide.mcu.externaltools.gnu-tools-for-stm32.13.3.rel1.win32_1.0.0.202411081344/tools/bin/../lib/gcc/arm-none-eabi/13.3.1/../../../../arm-none-eabi/lib/thumb/v7-m/nofp\libc_nano.a(libc_a-init.o)
                0x08008b5c                __libc_init_array
 .text.__retarget_lock_init_recursive
                0x08008ba4        0x2 C:/ST/STM32CubeIDE_1.14.1/STM32CubeIDE/plugins/com.st.stm32cube.ide.mcu.externaltools.gnu-tools-for-stm32.13.3.rel1.win32_1.0.0.202411081344/tools/bin/../lib/gcc/arm-none-eabi/13.3.1/../../../../arm-none-eabi/lib/thumb/v7-m/nofp\libc_nano.a(libc_a-lock.o)
                0x08008ba4                __retarget_lock_init_recursive
 .text.__retarget_lock_acquire_recursive
                0x08008ba6        0x2 C:/ST/STM32CubeIDE_1.14.1/STM32CubeIDE/plugins/com.st.stm32cube.ide.mcu.externaltools.gnu-tools-for-stm32.13.3.rel1.win32_1.0.0.202411081344/tools/bin/../lib/gcc/arm-none-eabi/13.3.1/../../../../arm-none-eabi/lib/thumb/v7-m/nofp\libc_nano.a(libc_a-lock.o)
                0x08008ba6                __retarget_lock_acquire_recursive
 .text.__retarget_lock_release_recursive
                0x08008ba8        0x2 C:/ST/STM32CubeIDE_1.14.1/STM32CubeIDE/plugins/com.st.stm32cube.ide.mcu.externaltools.gnu-tools-for-stm32.13.3.rel1.win32_1.0.0.202411081344/tools/bin/../lib/gcc/arm-none-eabi/13.3.1/../../../../arm-none-eabi/lib/thumb/v7-m/nofp\libc_nano.a(libc_a-lock.o)
                0x08008ba8                __retarget_lock_release_recursive
 .text.memchr   0x08008baa       0x1c C:/ST/STM32CubeIDE_1.14.1/STM32CubeIDE/plugins/com.st.stm32cube.ide.mcu.externaltools.gnu-tools-for-stm32.13.3.rel1.win32_1.0.0.202411081344/tools/bin/../lib/gcc/arm-none-eabi/13.3.1/../../../../arm-none-eabi/lib/thumb/v7-m/nofp\libc_nano.a(libc_a-memchr-stub.o)
                0x08008baa                memchr
 .text.memcpy   0x08008bc6       0x1c C:/ST/STM32CubeIDE_1.14.1/STM32CubeIDE/plugins/com.st.stm32cube.ide.mcu.externaltools.gnu-tools-for-stm32.13.3.rel1.win32_1.0.0.202411081344/tools/bin/../lib/gcc/arm-none-eabi/13.3.1/../../../../arm-none-eabi/lib/thumb/v7-m/nofp\libc_nano.a(libc_a-memcpy-stub.o)
                0x08008bc6                memcpy
 .text.quorem   0x08008be2      0x110 C:/ST/STM32CubeIDE_1.14.1/STM32CubeIDE/plugins/com.st.stm32cube.ide.mcu.externaltools.gnu-tools-for-stm32.13.3.rel1.win32_1.0.0.202411081344/tools/bin/../lib/gcc/arm-none-eabi/13.3.1/../../../../arm-none-eabi/lib/thumb/v7-m/nofp\libc_nano.a(libc_a-dtoa.o)
 *fill*         0x08008cf2        0x6 
 .text._dtoa_r  0x08008cf8      0xba8 C:/ST/STM32CubeIDE_1.14.1/STM32CubeIDE/plugins/com.st.stm32cube.ide.mcu.externaltools.gnu-tools-for-stm32.13.3.rel1.win32_1.0.0.202411081344/tools/bin/../lib/gcc/arm-none-eabi/13.3.1/../../../../arm-none-eabi/lib/thumb/v7-m/nofp\libc_nano.a(libc_a-dtoa.o)
                0x08008cf8                _dtoa_r
 .text._free_r  0x080098a0       0x90 C:/ST/STM32CubeIDE_1.14.1/STM32CubeIDE/plugins/com.st.stm32cube.ide.mcu.externaltools.gnu-tools-for-stm32.13.3.rel1.win32_1.0.0.202411081344/tools/bin/../lib/gcc/arm-none-eabi/13.3.1/../../../../arm-none-eabi/lib/thumb/v7-m/nofp\libc_nano.a(libc_a-freer.o)
                0x080098a0                _free_r
 .text._Balloc  0x08009930       0x80 C:/ST/STM32CubeIDE_1.14.1/STM32CubeIDE/plugins/com.st.stm32cube.ide.mcu.externaltools.gnu-tools-for-stm32.13.3.rel1.win32_1.0.0.202411081344/tools/bin/../lib/gcc/arm-none-eabi/13.3.1/../../../../arm-none-eabi/lib/thumb/v7-m/nofp\libc_nano.a(libc_a-mprec.o)
                0x08009930                _Balloc
 .text._Bfree   0x080099b0       0x44 C:/ST/STM32CubeIDE_1.14.1/STM32CubeIDE/plugins/com.st.stm32cube.ide.mcu.externaltools.gnu-tools-for-stm32.13.3.rel1.win32_1.0.0.202411081344/tools/bin/../lib/gcc/arm-none-eabi/13.3.1/../../../../arm-none-eabi/lib/thumb/v7-m/nofp\libc_nano.a(libc_a-mprec.o)
                0x080099b0                _Bfree
 .text.__multadd
                0x080099f4       0x8c C:/ST/STM32CubeIDE_1.14.1/STM32CubeIDE/plugins/com.st.stm32cube.ide.mcu.externaltools.gnu-tools-for-stm32.13.3.rel1.win32_1.0.0.202411081344/tools/bin/../lib/gcc/arm-none-eabi/13.3.1/../../../../arm-none-eabi/lib/thumb/v7-m/nofp\libc_nano.a(libc_a-mprec.o)
                0x080099f4                __multadd
 .text.__hi0bits
                0x08009a80       0x3e C:/ST/STM32CubeIDE_1.14.1/STM32CubeIDE/plugins/com.st.stm32cube.ide.mcu.externaltools.gnu-tools-for-stm32.13.3.rel1.win32_1.0.0.202411081344/tools/bin/../lib/gcc/arm-none-eabi/13.3.1/../../../../arm-none-eabi/lib/thumb/v7-m/nofp\libc_nano.a(libc_a-mprec.o)
                0x08009a80                __hi0bits
 .text.__lo0bits
                0x08009abe       0x5a C:/ST/STM32CubeIDE_1.14.1/STM32CubeIDE/plugins/com.st.stm32cube.ide.mcu.externaltools.gnu-tools-for-stm32.13.3.rel1.win32_1.0.0.202411081344/tools/bin/../lib/gcc/arm-none-eabi/13.3.1/../../../../arm-none-eabi/lib/thumb/v7-m/nofp\libc_nano.a(libc_a-mprec.o)
                0x08009abe                __lo0bits
 .text.__i2b    0x08009b18       0x2c C:/ST/STM32CubeIDE_1.14.1/STM32CubeIDE/plugins/com.st.stm32cube.ide.mcu.externaltools.gnu-tools-for-stm32.13.3.rel1.win32_1.0.0.202411081344/tools/bin/../lib/gcc/arm-none-eabi/13.3.1/../../../../arm-none-eabi/lib/thumb/v7-m/nofp\libc_nano.a(libc_a-mprec.o)
                0x08009b18                __i2b
 .text.__multiply
                0x08009b44      0x144 C:/ST/STM32CubeIDE_1.14.1/STM32CubeIDE/plugins/com.st.stm32cube.ide.mcu.externaltools.gnu-tools-for-stm32.13.3.rel1.win32_1.0.0.202411081344/tools/bin/../lib/gcc/arm-none-eabi/13.3.1/../../../../arm-none-eabi/lib/thumb/v7-m/nofp\libc_nano.a(libc_a-mprec.o)
                0x08009b44                __multiply
 .text.__pow5mult
                0x08009c88       0xb4 C:/ST/STM32CubeIDE_1.14.1/STM32CubeIDE/plugins/com.st.stm32cube.ide.mcu.externaltools.gnu-tools-for-stm32.13.3.rel1.win32_1.0.0.202411081344/tools/bin/../lib/gcc/arm-none-eabi/13.3.1/../../../../arm-none-eabi/lib/thumb/v7-m/nofp\libc_nano.a(libc_a-mprec.o)
                0x08009c88                __pow5mult
 .text.__lshift
                0x08009d3c       0xd8 C:/ST/STM32CubeIDE_1.14.1/STM32CubeIDE/plugins/com.st.stm32cube.ide.mcu.externaltools.gnu-tools-for-stm32.13.3.rel1.win32_1.0.0.202411081344/tools/bin/../lib/gcc/arm-none-eabi/13.3.1/../../../../arm-none-eabi/lib/thumb/v7-m/nofp\libc_nano.a(libc_a-mprec.o)
                0x08009d3c                __lshift
 .text.__mcmp   0x08009e14       0x36 C:/ST/STM32CubeIDE_1.14.1/STM32CubeIDE/plugins/com.st.stm32cube.ide.mcu.externaltools.gnu-tools-for-stm32.13.3.rel1.win32_1.0.0.202411081344/tools/bin/../lib/gcc/arm-none-eabi/13.3.1/../../../../arm-none-eabi/lib/thumb/v7-m/nofp\libc_nano.a(libc_a-mprec.o)
                0x08009e14                __mcmp
 *fill*         0x08009e4a        0x2 
 .text.__mdiff  0x08009e4c      0x128 C:/ST/STM32CubeIDE_1.14.1/STM32CubeIDE/plugins/com.st.stm32cube.ide.mcu.externaltools.gnu-tools-for-stm32.13.3.rel1.win32_1.0.0.202411081344/tools/bin/../lib/gcc/arm-none-eabi/13.3.1/../../../../arm-none-eabi/lib/thumb/v7-m/nofp\libc_nano.a(libc_a-mprec.o)
                0x08009e4c                __mdiff
 .text.__d2b    0x08009f74       0xb0 C:/ST/STM32CubeIDE_1.14.1/STM32CubeIDE/plugins/com.st.stm32cube.ide.mcu.externaltools.gnu-tools-for-stm32.13.3.rel1.win32_1.0.0.202411081344/tools/bin/../lib/gcc/arm-none-eabi/13.3.1/../../../../arm-none-eabi/lib/thumb/v7-m/nofp\libc_nano.a(libc_a-mprec.o)
                0x08009f74                __d2b
 .text.__ssputs_r
                0x0800a024       0xb6 C:/ST/STM32CubeIDE_1.14.1/STM32CubeIDE/plugins/com.st.stm32cube.ide.mcu.externaltools.gnu-tools-for-stm32.13.3.rel1.win32_1.0.0.202411081344/tools/bin/../lib/gcc/arm-none-eabi/13.3.1/../../../../arm-none-eabi/lib/thumb/v7-m/nofp\libc_nano.a(libc_a-nano-svfprintf.o)
                0x0800a024                __ssputs_r
 *fill*         0x0800a0da        0x2 
 .text._svfprintf_r
                0x0800a0dc      0x1f8 C:/ST/STM32CubeIDE_1.14.1/STM32CubeIDE/plugins/com.st.stm32cube.ide.mcu.externaltools.gnu-tools-for-stm32.13.3.rel1.win32_1.0.0.202411081344/tools/bin/../lib/gcc/arm-none-eabi/13.3.1/../../../../arm-none-eabi/lib/thumb/v7-m/nofp\libc_nano.a(libc_a-nano-svfprintf.o)
                0x0800a0dc                _svfiprintf_r
                0x0800a0dc                _svfprintf_r
 .text.__sflush_r
                0x0800a2d4      0x100 C:/ST/STM32CubeIDE_1.14.1/STM32CubeIDE/plugins/com.st.stm32cube.ide.mcu.externaltools.gnu-tools-for-stm32.13.3.rel1.win32_1.0.0.202411081344/tools/bin/../lib/gcc/arm-none-eabi/13.3.1/../../../../arm-none-eabi/lib/thumb/v7-m/nofp\libc_nano.a(libc_a-fflush.o)
                0x0800a2d4                __sflush_r
 .text._fflush_r
                0x0800a3d4       0x50 C:/ST/STM32CubeIDE_1.14.1/STM32CubeIDE/plugins/com.st.stm32cube.ide.mcu.externaltools.gnu-tools-for-stm32.13.3.rel1.win32_1.0.0.202411081344/tools/bin/../lib/gcc/arm-none-eabi/13.3.1/../../../../arm-none-eabi/lib/thumb/v7-m/nofp\libc_nano.a(libc_a-fflush.o)
                0x0800a3d4                _fflush_r
 .text.__assert_func
                0x0800a424       0x3c C:/ST/STM32CubeIDE_1.14.1/STM32CubeIDE/plugins/com.st.stm32cube.ide.mcu.externaltools.gnu-tools-for-stm32.13.3.rel1.win32_1.0.0.202411081344/tools/bin/../lib/gcc/arm-none-eabi/13.3.1/../../../../arm-none-eabi/lib/thumb/v7-m/nofp\libc_nano.a(libc_a-assert.o)
                0x0800a424                __assert_func
 .text._calloc_r
                0x0800a460       0x28 C:/ST/STM32CubeIDE_1.14.1/STM32CubeIDE/plugins/com.st.stm32cube.ide.mcu.externaltools.gnu-tools-for-stm32.13.3.rel1.win32_1.0.0.202411081344/tools/bin/../lib/gcc/arm-none-eabi/13.3.1/../../../../arm-none-eabi/lib/thumb/v7-m/nofp\libc_nano.a(libc_a-callocr.o)
                0x0800a460                _calloc_r
 .text.__ascii_mbtowc
                0x0800a488       0x24 C:/ST/STM32CubeIDE_1.14.1/STM32CubeIDE/plugins/com.st.stm32cube.ide.mcu.externaltools.gnu-tools-for-stm32.13.3.rel1.win32_1.0.0.202411081344/tools/bin/../lib/gcc/arm-none-eabi/13.3.1/../../../../arm-none-eabi/lib/thumb/v7-m/nofp\libc_nano.a(libc_a-mbtowc_r.o)
                0x0800a488                __ascii_mbtowc
 .text._realloc_r
                0x0800a4ac       0x5c C:/ST/STM32CubeIDE_1.14.1/STM32CubeIDE/plugins/com.st.stm32cube.ide.mcu.externaltools.gnu-tools-for-stm32.13.3.rel1.win32_1.0.0.202411081344/tools/bin/../lib/gcc/arm-none-eabi/13.3.1/../../../../arm-none-eabi/lib/thumb/v7-m/nofp\libc_nano.a(libc_a-reallocr.o)
                0x0800a4ac                _realloc_r
 .text.__ascii_wctomb
                0x0800a508       0x1a C:/ST/STM32CubeIDE_1.14.1/STM32CubeIDE/plugins/com.st.stm32cube.ide.mcu.externaltools.gnu-tools-for-stm32.13.3.rel1.win32_1.0.0.202411081344/tools/bin/../lib/gcc/arm-none-eabi/13.3.1/../../../../arm-none-eabi/lib/thumb/v7-m/nofp\libc_nano.a(libc_a-wctomb_r.o)
                0x0800a508                __ascii_wctomb
 *fill*         0x0800a522        0x2 
 .text.fprintf  0x0800a524       0x24 C:/ST/STM32CubeIDE_1.14.1/STM32CubeIDE/plugins/com.st.stm32cube.ide.mcu.externaltools.gnu-tools-for-stm32.13.3.rel1.win32_1.0.0.202411081344/tools/bin/../lib/gcc/arm-none-eabi/13.3.1/../../../../arm-none-eabi/lib/thumb/v7-m/nofp\libc_nano.a(libc_a-fprintf.o)
                0x0800a524                fiprintf
                0x0800a524                fprintf
 .text._malloc_usable_size_r
                0x0800a548       0x10 C:/ST/STM32CubeIDE_1.14.1/STM32CubeIDE/plugins/com.st.stm32cube.ide.mcu.externaltools.gnu-tools-for-stm32.13.3.rel1.win32_1.0.0.202411081344/tools/bin/../lib/gcc/arm-none-eabi/13.3.1/../../../../arm-none-eabi/lib/thumb/v7-m/nofp\libc_nano.a(libc_a-msizer.o)
                0x0800a548                _malloc_usable_size_r
 .text.__sfputc_r
                0x0800a558       0x2a C:/ST/STM32CubeIDE_1.14.1/STM32CubeIDE/plugins/com.st.stm32cube.ide.mcu.externaltools.gnu-tools-for-stm32.13.3.rel1.win32_1.0.0.202411081344/tools/bin/../lib/gcc/arm-none-eabi/13.3.1/../../../../arm-none-eabi/lib/thumb/v7-m/nofp\libc_nano.a(libc_a-nano-vfprintf.o)
 .text.__sfputs_r
                0x0800a582       0x24 C:/ST/STM32CubeIDE_1.14.1/STM32CubeIDE/plugins/com.st.stm32cube.ide.mcu.externaltools.gnu-tools-for-stm32.13.3.rel1.win32_1.0.0.202411081344/tools/bin/../lib/gcc/arm-none-eabi/13.3.1/../../../../arm-none-eabi/lib/thumb/v7-m/nofp\libc_nano.a(libc_a-nano-vfprintf.o)
                0x0800a582                __sfputs_r
 *fill*         0x0800a5a6        0x2 
 .text._vfprintf_r
                0x0800a5a8      0x230 C:/ST/STM32CubeIDE_1.14.1/STM32CubeIDE/plugins/com.st.stm32cube.ide.mcu.externaltools.gnu-tools-for-stm32.13.3.rel1.win32_1.0.0.202411081344/tools/bin/../lib/gcc/arm-none-eabi/13.3.1/../../../../arm-none-eabi/lib/thumb/v7-m/nofp\libc_nano.a(libc_a-nano-vfprintf.o)
                0x0800a5a8                _vfprintf_r
                0x0800a5a8                _vfiprintf_r
 .text.__swbuf_r
                0x0800a7d8       0x7c C:/ST/STM32CubeIDE_1.14.1/STM32CubeIDE/plugins/com.st.stm32cube.ide.mcu.externaltools.gnu-tools-for-stm32.13.3.rel1.win32_1.0.0.202411081344/tools/bin/../lib/gcc/arm-none-eabi/13.3.1/../../../../arm-none-eabi/lib/thumb/v7-m/nofp\libc_nano.a(libc_a-wbuf.o)
                0x0800a7d8                __swbuf_r
 .text.__swsetup_r
                0x0800a854       0xac C:/ST/STM32CubeIDE_1.14.1/STM32CubeIDE/plugins/com.st.stm32cube.ide.mcu.externaltools.gnu-tools-for-stm32.13.3.rel1.win32_1.0.0.202411081344/tools/bin/../lib/gcc/arm-none-eabi/13.3.1/../../../../arm-none-eabi/lib/thumb/v7-m/nofp\libc_nano.a(libc_a-wsetup.o)
                0x0800a854                __swsetup_r
 .text.__swhatbuf_r
                0x0800a900       0x4a C:/ST/STM32CubeIDE_1.14.1/STM32CubeIDE/plugins/com.st.stm32cube.ide.mcu.externaltools.gnu-tools-for-stm32.13.3.rel1.win32_1.0.0.202411081344/tools/bin/../lib/gcc/arm-none-eabi/13.3.1/../../../../arm-none-eabi/lib/thumb/v7-m/nofp\libc_nano.a(libc_a-makebuf.o)
                0x0800a900                __swhatbuf_r
 .text.__smakebuf_r
                0x0800a94a       0x78 C:/ST/STM32CubeIDE_1.14.1/STM32CubeIDE/plugins/com.st.stm32cube.ide.mcu.externaltools.gnu-tools-for-stm32.13.3.rel1.win32_1.0.0.202411081344/tools/bin/../lib/gcc/arm-none-eabi/13.3.1/../../../../arm-none-eabi/lib/thumb/v7-m/nofp\libc_nano.a(libc_a-makebuf.o)
                0x0800a94a                __smakebuf_r
 *fill*         0x0800a9c2        0x2 
 .text._fstat_r
                0x0800a9c4       0x24 C:/ST/STM32CubeIDE_1.14.1/STM32CubeIDE/plugins/com.st.stm32cube.ide.mcu.externaltools.gnu-tools-for-stm32.13.3.rel1.win32_1.0.0.202411081344/tools/bin/../lib/gcc/arm-none-eabi/13.3.1/../../../../arm-none-eabi/lib/thumb/v7-m/nofp\libc_nano.a(libc_a-fstatr.o)
                0x0800a9c4                _fstat_r
 .text._isatty_r
                0x0800a9e8       0x20 C:/ST/STM32CubeIDE_1.14.1/STM32CubeIDE/plugins/com.st.stm32cube.ide.mcu.externaltools.gnu-tools-for-stm32.13.3.rel1.win32_1.0.0.202411081344/tools/bin/../lib/gcc/arm-none-eabi/13.3.1/../../../../arm-none-eabi/lib/thumb/v7-m/nofp\libc_nano.a(libc_a-isattyr.o)
                0x0800a9e8                _isatty_r
 *(.glue_7)
 .glue_7        0x0800aa08        0x0 linker stubs
 *(.glue_7t)
 .glue_7t       0x0800aa08        0x0 linker stubs
 *(.eh_frame)
 .eh_frame      0x0800aa08        0x0 C:/ST/STM32CubeIDE_1.14.1/STM32CubeIDE/plugins/com.st.stm32cube.ide.mcu.externaltools.gnu-tools-for-stm32.13.3.rel1.win32_1.0.0.202411081344/tools/bin/../lib/gcc/arm-none-eabi/13.3.1/thumb/v7-m/nofp/crtbegin.o
 *(.init)
 .init          0x0800aa08        0x4 C:/ST/STM32CubeIDE_1.14.1/STM32CubeIDE/plugins/com.st.stm32cube.ide.mcu.externaltools.gnu-tools-for-stm32.13.3.rel1.win32_1.0.0.202411081344/tools/bin/../lib/gcc/arm-none-eabi/13.3.1/thumb/v7-m/nofp/crti.o
                0x0800aa08                _init
 .init          0x0800aa0c        0x8 C:/ST/STM32CubeIDE_1.14.1/STM32CubeIDE/plugins/com.st.stm32cube.ide.mcu.externaltools.gnu-tools-for-stm32.13.3.rel1.win32_1.0.0.202411081344/tools/bin/../lib/gcc/arm-none-eabi/13.3.1/thumb/v7-m/nofp/crtn.o
 *(.fini)
 .fini          0x0800aa14        0x4 C:/ST/STM32CubeIDE_1.14.1/STM32CubeIDE/plugins/com.st.stm32cube.ide.mcu.externaltools.gnu-tools-for-stm32.13.3.rel1.win32_1.0.0.202411081344/tools/bin/../lib/gcc/arm-none-eabi/13.3.1/thumb/v7-m/nofp/crti.o
                0x0800aa14                _fini
 .fini          0x0800aa18        0x8 C:/ST/STM32CubeIDE_1.14.1/STM32CubeIDE/plugins/com.st.stm32cube.ide.mcu.externaltools.gnu-tools-for-stm32.13.3.rel1.win32_1.0.0.202411081344/tools/bin/../lib/gcc/arm-none-eabi/13.3.1/thumb/v7-m/nofp/crtn.o
                0x0800aa20                        . = ALIGN (0x4)
                0x0800aa20                        _etext = .

.vfp11_veneer   0x0800aa20        0x0
 .vfp11_veneer  0x0800aa20        0x0 linker stubs

.v4_bx          0x0800aa20        0x0
 .v4_bx         0x0800aa20        0x0 linker stubs

.iplt           0x0800aa20        0x0
 .iplt          0x0800aa20        0x0 C:/ST/STM32CubeIDE_1.14.1/STM32CubeIDE/plugins/com.st.stm32cube.ide.mcu.externaltools.gnu-tools-for-stm32.13.3.rel1.win32_1.0.0.202411081344/tools/bin/../lib/gcc/arm-none-eabi/13.3.1/thumb/v7-m/nofp/crtbegin.o

.rodata         0x0800aa20      0x594
                0x0800aa20                        . = ALIGN (0x4)
 *(.rodata)
 .rodata        0x0800aa20      0x15f ./Core/Src/main.o